00:00:23.8243215 [Info] C is in control.
00:00:23.8563900 [Info] C is no longer in control.
00:00:24.1534702 [Info] C is in control.
00:01:59.5759553 [Info] User sets amplitude to 45.
00:02:09.5055126 [Info] User sets offset to 133.
00:02:10.6518198 [Info] User sets offset to 132.
00:02:10.7028219 [Info] User sets offset to 131.
00:02:10.7397950 [Info] User sets offset to 130.
00:02:10.8529449 [Info] User sets offset to 129.
00:02:17.6626123 [Info] User sets offset to 130.
00:02:35.0053746 [Info] User 0 sets frequency to 1.
00:02:39.4308354 [Info] User 0 sets frequency to 0.1.
00:03:30.5026066 [Info] User 0 sets frequency to 0.3.
00:03:38.8480631 [Info] User sets phase shift to 6.2482786.
00:03:39.1427928 [Info] User sets phase shift to 6.213372.
00:03:39.1594578 [Info] User sets phase shift to 6.126106.
00:03:39.1774261 [Info] User sets phase shift to 6.1086526.
00:03:39.1945995 [Info] User sets phase shift to 6.0911994.
00:03:39.2241153 [Info] User sets phase shift to 6.0562925.
00:03:39.2432476 [Info] User sets phase shift to 6.003933.
00:03:39.2745764 [Info] User sets phase shift to 5.969026.
00:03:39.2954410 [Info] User sets phase shift to 5.934119.
00:03:39.3112191 [Info] User sets phase shift to 5.8643064.
00:03:39.3279732 [Info] User sets phase shift to 5.8293996.
00:03:39.3428681 [Info] User sets phase shift to 5.759587.
00:03:39.3593321 [Info] User sets phase shift to 5.7072268.
00:03:39.3754971 [Info] User sets phase shift to 5.6723204.
00:03:39.3916967 [Info] User sets phase shift to 5.6548667.
00:03:39.4084741 [Info] User sets phase shift to 5.6199603.
00:03:39.4257547 [Info] User sets phase shift to 5.585054.
00:03:39.4438686 [Info] User sets phase shift to 5.5152407.
00:03:39.4580931 [Info] User sets phase shift to 5.4279737.
00:03:39.4753179 [Info] User sets phase shift to 5.323254.
00:03:39.4935065 [Info] User sets phase shift to 5.2708945.
00:03:39.5091294 [Info] User sets phase shift to 5.166175.
00:03:39.5271647 [Info] User sets phase shift to 5.131268.
00:03:39.5433959 [Info] User sets phase shift to 5.0440016.
00:03:39.5617849 [Info] User sets phase shift to 4.974189.
00:03:39.5761112 [Info] User sets phase shift to 4.904375.
00:03:39.5932916 [Info] User sets phase shift to 4.8345623.
00:03:39.6109904 [Info] User sets phase shift to 4.7822022.
00:03:39.6250493 [Info] User sets phase shift to 4.764749.
00:03:39.6426459 [Info] User sets phase shift to 4.712389.
00:03:39.6574504 [Info] User sets phase shift to 4.6600294.
00:03:39.6754040 [Info] User sets phase shift to 4.590216.
00:03:39.6928100 [Info] User sets phase shift to 4.502949.
00:03:39.7079287 [Info] User sets phase shift to 4.4156833.
00:03:39.7250941 [Info] User sets phase shift to 4.34587.
00:03:39.7429415 [Info] User sets phase shift to 4.310963.
00:03:39.7584174 [Info] User sets phase shift to 4.276057.
00:03:39.7767422 [Info] User sets phase shift to 4.2411504.
00:03:39.7946106 [Info] User sets phase shift to 4.2236967.
00:03:39.8096889 [Info] User sets phase shift to 4.171337.
00:03:39.8280456 [Info] User sets phase shift to 4.101524.
00:03:39.8433769 [Info] User sets phase shift to 4.0142574.
00:03:39.8597463 [Info] User sets phase shift to 3.9968042.
00:03:39.8756317 [Info] User sets phase shift to 3.9618976.
00:03:39.8917576 [Info] User sets phase shift to 3.9444442.
00:03:39.9086896 [Info] User sets phase shift to 3.926991.
00:03:39.9249278 [Info] User sets phase shift to 3.8920844.
00:03:39.9429561 [Info] User sets phase shift to 3.8571775.
00:03:39.9594462 [Info] User sets phase shift to 3.8397243.
00:03:39.9904793 [Info] User sets phase shift to 3.8048177.
00:03:40.0108683 [Info] User sets phase shift to 3.7873645.
00:03:40.0253992 [Info] User sets phase shift to 3.7699115.
00:03:40.0429957 [Info] User sets phase shift to 3.7350047.
00:03:40.0596793 [Info] User sets phase shift to 3.6826448.
00:03:40.0762223 [Info] User sets phase shift to 3.6477382.
00:03:40.0961870 [Info] User sets phase shift to 3.6128316.
00:03:40.1105857 [Info] User sets phase shift to 3.5953784.
00:03:40.1252953 [Info] User sets phase shift to 3.5604718.
00:03:40.1440822 [Info] User sets phase shift to 3.5430186.
00:03:40.1596717 [Info] User sets phase shift to 3.5255651.
00:03:40.1760547 [Info] User sets phase shift to 3.508112.
00:03:40.1931416 [Info] User sets phase shift to 3.4557521.
00:03:40.2097039 [Info] User sets phase shift to 3.4382985.
00:03:40.2250589 [Info] User sets phase shift to 3.4208455.
00:03:40.2442461 [Info] User sets phase shift to 3.3859386.
00:03:40.2581861 [Info] User sets phase shift to 3.3510325.
00:03:40.2918831 [Info] User sets phase shift to 3.3161259.
00:03:40.3100023 [Info] User sets phase shift to 3.281219.
00:03:40.3275386 [Info] User sets phase shift to 3.2637658.
00:03:40.3422231 [Info] User sets phase shift to 3.2288592.
00:03:40.3752824 [Info] User sets phase shift to 3.211406.
00:03:40.4430537 [Info] User sets phase shift to 3.1939526.
00:03:40.4595581 [Info] User sets phase shift to 3.1764994.
00:03:40.4932997 [Info] User sets phase shift to 3.159046.
00:03:40.5256243 [Info] User sets phase shift to 3.1415927.
00:03:40.5587299 [Info] User sets phase shift to 3.1241393.
00:03:40.6776917 [Info] User sets phase shift to 3.106686.
00:03:40.9419353 [Info] User sets phase shift to 3.1241393.
00:03:41.2101856 [Info] User sets phase shift to 3.159046.
00:04:04.5026283 [Info] User 0 sets frequency to 0.5.
00:06:17.4019586 [Info] User sets amplitude to 10.
00:06:52.0736366 [Info] User sets offset to 105.
00:06:53.2113391 [Info] User sets offset to 104.
00:06:53.2613667 [Info] User sets offset to 103.
00:06:53.3610317 [Info] User sets offset to 102.
00:06:53.4774273 [Info] User sets offset to 101.
00:06:53.8606943 [Info] User sets offset to 100.
00:06:56.8276036 [Info] User sets offset to 97.
00:06:56.8443524 [Info] User sets offset to 94.
00:06:56.8610195 [Info] User sets offset to 92.
00:06:56.8777993 [Info] User sets offset to 91.
00:06:56.8941961 [Info] User sets offset to 89.
00:06:56.9104396 [Info] User sets offset to 87.
00:06:56.9286846 [Info] User sets offset to 84.
00:06:56.9937130 [Info] User sets offset to 83.
00:06:57.0608365 [Info] User sets offset to 82.
00:06:57.4271464 [Info] User sets offset to 81.
00:06:57.4770058 [Info] User sets offset to 80.
00:06:57.4952719 [Info] User sets offset to 79.
00:06:57.5605026 [Info] User sets offset to 78.
00:07:11.6454131 [Info] User sets offset to 81.
00:07:11.6620998 [Info] User sets offset to 84.
00:07:11.6785254 [Info] User sets offset to 85.
00:07:11.6950084 [Info] User sets offset to 86.
00:07:11.7273442 [Info] User sets offset to 87.
00:07:11.7783091 [Info] User sets offset to 88.
00:07:11.7954786 [Info] User sets offset to 89.
00:07:11.8110796 [Info] User sets offset to 90.
00:07:11.8277501 [Info] User sets offset to 91.
00:07:11.8603187 [Info] User sets offset to 92.
00:07:12.0442239 [Info] User sets offset to 93.
00:07:12.1281034 [Info] User sets offset to 94.
00:07:12.2121286 [Info] User sets offset to 95.
00:07:12.6110011 [Info] User sets offset to 94.
00:07:12.7958161 [Info] User sets offset to 93.
00:07:12.8943292 [Info] User sets offset to 92.
00:07:13.0470119 [Info] User sets offset to 91.
00:07:13.3280062 [Info] User sets offset to 90.
00:07:20.0720672 [Info] User sets amplitude to 0.
00:07:20.0726224 [Info] User 2 sets frequency to 0.
00:07:20.0735333 [Info] User sets phase shift to 0.
00:07:49.4006206 [Info] User sets amplitude to 48.
00:07:52.6439148 [Info] User sets amplitude to 14.2.
00:07:52.7780761 [Info] User sets amplitude to 8.5.
00:07:52.7957398 [Info] User sets amplitude to 0.3.
00:07:52.8125808 [Info] User sets amplitude to 0.
00:08:02.5534438 [Info] User 0 sets frequency to 0.1.
00:08:08.9352125 [Info] User 0 sets frequency to 0.4.
00:08:14.7204794 [Info] User 0 sets frequency to 0.2.
00:08:43.3929511 [Info] User sets amplitude to 30.
00:08:46.4059793 [Info] User 0 sets frequency to 0.5.
00:08:49.0370143 [Info] User 0 sets frequency to 0.7.
00:08:49.3660729 [Info] User 0 sets frequency to 0.6.
00:09:12.4601164 [Info] User sets phase shift to 6.2482786.
00:09:28.2380822 [Info] User sets phase shift to 0.03490659.
00:09:28.9195244 [Info] User sets phase shift to 0.017453294.
00:09:28.9374120 [Info] User sets phase shift to 0.
00:09:28.9523293 [Info] User sets phase shift to 6.2657323.
00:09:28.9701538 [Info] User sets phase shift to 6.2308254.
00:09:28.9854022 [Info] User sets phase shift to 6.213372.
00:09:29.0016263 [Info] User sets phase shift to 6.195919.
00:09:29.0174278 [Info] User sets phase shift to 6.178466.
00:09:29.0361206 [Info] User sets phase shift to 6.143559.
00:09:29.0541903 [Info] User sets phase shift to 6.1086526.
00:09:29.0694705 [Info] User sets phase shift to 6.0911994.
00:09:29.0868326 [Info] User sets phase shift to 6.0562925.
00:09:29.1016901 [Info] User sets phase shift to 6.003933.
00:09:29.1190280 [Info] User sets phase shift to 5.8992133.
00:09:29.1361596 [Info] User sets phase shift to 5.759587.
00:09:29.1534296 [Info] User sets phase shift to 5.6897736.
00:09:29.1689022 [Info] User sets phase shift to 5.602507.
00:09:29.1870246 [Info] User sets phase shift to 5.532694.
00:09:29.2034960 [Info] User sets phase shift to 5.4977875.
00:09:29.2210992 [Info] User sets phase shift to 5.4454274.
00:09:29.2361779 [Info] User sets phase shift to 5.4105206.
00:09:29.2525598 [Info] User sets phase shift to 5.358161.
00:09:29.2723630 [Info] User sets phase shift to 5.323254.
00:09:29.2848325 [Info] User sets phase shift to 5.2534413.
00:09:29.3036325 [Info] User sets phase shift to 5.2359877.
00:09:29.3195939 [Info] User sets phase shift to 5.183628.
00:09:29.3365107 [Info] User sets phase shift to 5.0963616.
00:09:29.3550861 [Info] User sets phase shift to 5.0265484.
00:09:29.3684669 [Info] User sets phase shift to 4.9218287.
00:09:29.3854501 [Info] User sets phase shift to 4.8520155.
00:09:29.4022311 [Info] User sets phase shift to 4.764749.
00:09:29.4213324 [Info] User sets phase shift to 4.6076694.
00:09:29.4355419 [Info] User sets phase shift to 4.520403.
00:09:29.4533474 [Info] User sets phase shift to 4.4156833.
00:09:30.6382938 [Info] User sets phase shift to 4.6600294.
00:09:30.6538224 [Info] User sets phase shift to 4.6774826.
00:09:30.6680695 [Info] User sets phase shift to 4.694936.
00:09:30.6855809 [Info] User sets phase shift to 4.712389.
00:09:30.7029120 [Info] User sets phase shift to 4.729842.
00:09:30.7189704 [Info] User sets phase shift to 4.764749.
00:09:30.7507814 [Info] User sets phase shift to 4.7822022.
00:09:30.7877293 [Info] User sets phase shift to 4.7996554.
00:09:30.8704738 [Info] User sets phase shift to 4.8171086.
00:09:30.9522223 [Info] User sets phase shift to 4.7996554.
00:09:31.1031390 [Info] User sets phase shift to 4.7822022.
00:09:31.1531024 [Info] User sets phase shift to 4.764749.
00:09:31.1694847 [Info] User sets phase shift to 4.747296.
00:09:31.4033712 [Info] User sets phase shift to 4.729842.
00:09:31.5035268 [Info] User sets phase shift to 4.712389.
00:09:37.2764671 [Info] User 0 sets frequency to 1.
00:09:38.5036546 [Info] User 0 sets frequency to 1.1.
00:09:39.0738336 [Info] User 0 sets frequency to 1.2.
00:09:46.6563342 [Info] User sets phase shift to 4.8171086.
00:09:47.2221465 [Info] User sets phase shift to 4.8345623.
00:09:47.2380590 [Info] User sets phase shift to 4.8694687.
00:09:48.7214441 [Info] User sets phase shift to 5.8817596.
00:09:48.9549488 [Info] User sets phase shift to 5.8643064.
00:09:48.9710426 [Info] User sets phase shift to 5.794493.
00:09:48.9874297 [Info] User sets phase shift to 5.7072268.
00:09:49.0047790 [Info] User sets phase shift to 5.602507.
00:09:49.0208385 [Info] User sets phase shift to 5.4803343.
00:09:49.0362941 [Info] User sets phase shift to 5.4279737.
00:09:49.0534565 [Info] User sets phase shift to 5.393068.
00:09:49.0915196 [Info] User sets phase shift to 5.375614.
00:09:49.4029569 [Info] User sets phase shift to 5.393068.
00:09:49.4531501 [Info] User sets phase shift to 5.4279737.
00:09:49.4690974 [Info] User sets phase shift to 5.4454274.
00:09:49.4857135 [Info] User sets phase shift to 5.4803343.
00:09:49.5093358 [Info] User sets phase shift to 5.532694.
00:09:49.5224079 [Info] User sets phase shift to 5.602507.
00:09:49.5362001 [Info] User sets phase shift to 5.6199603.
00:09:49.5681709 [Info] User sets phase shift to 5.6723204.
00:09:49.6184260 [Info] User sets phase shift to 5.6897736.
00:09:49.6686441 [Info] User sets phase shift to 5.7072268.
00:09:49.6876770 [Info] User sets phase shift to 5.742133.
00:09:49.7203319 [Info] User sets phase shift to 5.77704.
00:09:49.7355549 [Info] User sets phase shift to 5.8293996.
00:09:49.7523557 [Info] User sets phase shift to 5.8468533.
00:09:49.7687672 [Info] User sets phase shift to 5.8817596.
00:09:49.7971688 [Info] User sets phase shift to 5.8992133.
00:09:49.8028001 [Info] User sets phase shift to 5.9166665.
00:09:49.8180937 [Info] User sets phase shift to 5.934119.
00:09:49.8352189 [Info] User sets phase shift to 5.969026.
00:09:49.8525766 [Info] User sets phase shift to 5.9864798.
00:09:49.9025572 [Info] User sets phase shift to 6.021386.
00:09:49.9183227 [Info] User sets phase shift to 6.0388393.
00:09:49.9502183 [Info] User sets phase shift to 6.0737457.
00:09:49.9867120 [Info] User sets phase shift to 6.0911994.
00:09:50.0035900 [Info] User sets phase shift to 6.1086526.
00:09:50.0211764 [Info] User sets phase shift to 6.126106.
00:09:50.0375768 [Info] User sets phase shift to 6.143559.
00:09:50.0857098 [Info] User sets phase shift to 6.161012.
00:09:50.1198284 [Info] User sets phase shift to 6.195919.
00:09:50.1527337 [Info] User sets phase shift to 6.213372.
00:09:50.1833917 [Info] User sets phase shift to 6.2308254.
00:09:50.2188779 [Info] User sets phase shift to 6.2482786.
00:09:50.2461284 [Info] User sets phase shift to 6.2657323.
00:09:50.2522332 [Info] User sets phase shift to 0.
00:09:50.2696558 [Info] User sets phase shift to 0.017453294.
00:09:50.3009318 [Info] User sets phase shift to 0.03490659.
00:09:51.7331433 [Info] User 0 sets frequency to 0.5.
00:09:53.8562299 [Info] User sets phase shift to 0.017453294.
00:09:58.8047812 [Info] User sets phase shift to 0.
00:09:58.8212732 [Info] User sets phase shift to 6.2482786.
00:09:58.8540571 [Info] User sets phase shift to 6.2308254.
00:09:59.0368317 [Info] User sets phase shift to 6.213372.
00:09:59.0874450 [Info] User sets phase shift to 6.195919.
00:09:59.2704942 [Info] User sets phase shift to 6.213372.
00:09:59.3206747 [Info] User sets phase shift to 6.2482786.
00:09:59.3701949 [Info] User sets phase shift to 6.2657323.
00:09:59.3860399 [Info] User sets phase shift to 0.
00:09:59.4369013 [Info] User sets phase shift to 0.017453294.
00:09:59.5050735 [Info] User sets phase shift to 0.03490659.
00:10:01.0217279 [Info] User sets phase shift to 0.017453294.
00:10:01.0530853 [Info] User sets phase shift to 0.
00:10:01.0721754 [Info] User sets phase shift to 6.2657323.
00:10:01.0882002 [Info] User sets phase shift to 6.2482786.
00:10:01.1196107 [Info] User sets phase shift to 6.2308254.
00:10:01.1536406 [Info] User sets phase shift to 6.213372.
00:10:01.1705801 [Info] User sets phase shift to 6.195919.
00:10:01.1882277 [Info] User sets phase shift to 6.178466.
00:10:01.2201748 [Info] User sets phase shift to 6.161012.
00:10:01.5224089 [Info] User sets phase shift to 6.178466.
00:10:01.5362730 [Info] User sets phase shift to 6.195919.
00:10:01.5711649 [Info] User sets phase shift to 6.213372.
00:10:01.6210462 [Info] User sets phase shift to 6.2308254.
00:10:01.6716333 [Info] User sets phase shift to 6.2482786.
00:10:01.8373483 [Info] User sets phase shift to 6.2657323.
00:10:01.8868171 [Info] User sets phase shift to 0.
00:10:02.1215409 [Info] User sets phase shift to 0.017453294.
00:10:02.1550023 [Info] User sets phase shift to 0.03490659.
00:10:02.6042446 [Info] User sets phase shift to 0.017453294.
00:10:02.7043045 [Info] User sets phase shift to 0.
00:10:02.7858455 [Info] User sets phase shift to 6.2657323.
00:10:02.8384523 [Info] User sets phase shift to 6.2482786.
00:10:03.4391115 [Info] User sets phase shift to 6.2657323.
00:10:03.5042591 [Info] User sets phase shift to 0.
00:10:03.6363399 [Info] User sets phase shift to 0.017453294.
00:10:03.6870886 [Info] User sets phase shift to 0.03490659.
00:10:04.3560455 [Info] User sets phase shift to 0.017453294.
00:10:04.4866661 [Info] User sets phase shift to 0.
00:10:04.6724265 [Info] User sets phase shift to 6.2657323.
00:10:05.7945807 [Info] User sets phase shift to 5.148721.
00:10:07.4208062 [Info] User sets phase shift to 5.2359877.
00:10:08.1887026 [Info] User sets phase shift to 6.126106.
00:10:08.4219022 [Info] User sets phase shift to 6.0562925.
00:10:08.4378704 [Info] User sets phase shift to 5.934119.
00:10:08.4545809 [Info] User sets phase shift to 5.8643064.
00:10:08.4718794 [Info] User sets phase shift to 5.811947.
00:10:08.4871772 [Info] User sets phase shift to 5.77704.
00:10:08.5067544 [Info] User sets phase shift to 5.759587.
00:10:08.5373906 [Info] User sets phase shift to 5.72468.
00:10:08.5721884 [Info] User sets phase shift to 5.7072268.
00:10:08.8060517 [Info] User sets phase shift to 5.72468.
00:10:09.0057402 [Info] User sets phase shift to 5.6897736.
00:10:09.0211457 [Info] User sets phase shift to 5.6723204.
00:10:09.0375918 [Info] User sets phase shift to 5.6374135.
00:10:09.0560220 [Info] User sets phase shift to 5.6199603.
00:10:09.0707710 [Info] User sets phase shift to 5.585054.
00:10:09.0851628 [Info] User sets phase shift to 5.5676007.
00:10:09.1202759 [Info] User sets phase shift to 5.550147.
00:10:09.5723449 [Info] User sets phase shift to 5.532694.
00:10:09.8495544 [Info] User 0 sets frequency to 0.7.
00:10:09.9892174 [Info] User sets phase shift to 5.5152407.
00:10:10.2718964 [Info] User sets phase shift to 5.4977875.
00:10:10.3382497 [Info] User sets phase shift to 5.4803343.
00:10:10.3552225 [Info] User sets phase shift to 5.4628806.
00:10:10.3879041 [Info] User sets phase shift to 5.4279737.
00:10:10.4037004 [Info] User sets phase shift to 5.4105206.
00:10:10.4362620 [Info] User sets phase shift to 5.393068.
00:10:10.4544862 [Info] User sets phase shift to 5.375614.
00:10:10.4703590 [Info] User sets phase shift to 5.358161.
00:10:10.4883524 [Info] User sets phase shift to 5.340708.
00:10:10.5057122 [Info] User sets phase shift to 5.323254.
00:10:10.5207873 [Info] User sets phase shift to 5.305801.
00:10:10.5377283 [Info] User sets phase shift to 5.2883477.
00:10:10.5548871 [Info] User sets phase shift to 5.2708945.
00:10:10.5873724 [Info] User sets phase shift to 5.2534413.
00:10:10.6213924 [Info] User sets phase shift to 5.2185345.
00:10:10.6362816 [Info] User sets phase shift to 5.183628.
00:10:10.6532859 [Info] User sets phase shift to 5.166175.
00:10:10.6877500 [Info] User sets phase shift to 5.113815.
00:10:10.7038152 [Info] User sets phase shift to 5.0789084.
00:10:10.7234238 [Info] User sets phase shift to 5.0440016.
00:10:10.7381187 [Info] User sets phase shift to 5.0090947.
00:10:10.7547377 [Info] User sets phase shift to 4.974189.
00:10:10.7702611 [Info] User sets phase shift to 4.956735.
00:10:10.7870013 [Info] User sets phase shift to 4.939282.
00:10:10.8055764 [Info] User sets phase shift to 4.9218287.
00:10:10.8206456 [Info] User sets phase shift to 4.8869224.
00:10:10.8366490 [Info] User sets phase shift to 4.8694687.
00:10:10.8707728 [Info] User sets phase shift to 4.8520155.
00:10:10.8884944 [Info] User sets phase shift to 4.8345623.
00:10:10.9219934 [Info] User sets phase shift to 4.8171086.
00:10:10.9538840 [Info] User sets phase shift to 4.7996554.
00:10:11.5034760 [Info] User 0 sets frequency to 0.8.
00:10:11.9045095 [Info] User 0 sets frequency to 0.9.
00:10:18.2409728 [Info] User sets phase shift to 4.7822022.
00:10:18.9720853 [Info] User sets phase shift to 4.7996554.
00:10:18.9877875 [Info] User sets phase shift to 4.8345623.
00:10:19.0057666 [Info] User sets phase shift to 4.8694687.
00:10:19.0216543 [Info] User sets phase shift to 4.9218287.
00:10:19.0365666 [Info] User sets phase shift to 4.939282.
00:10:19.0537744 [Info] User sets phase shift to 4.974189.
00:10:19.0695915 [Info] User sets phase shift to 5.0090947.
00:10:19.0865964 [Info] User sets phase shift to 5.0614552.
00:10:19.1038891 [Info] User sets phase shift to 5.0789084.
00:10:19.1548244 [Info] User sets phase shift to 5.0963616.
00:10:19.1709987 [Info] User sets phase shift to 5.113815.
00:10:19.1888140 [Info] User sets phase shift to 5.131268.
00:10:19.2044509 [Info] User sets phase shift to 5.148721.
00:10:19.2189332 [Info] User sets phase shift to 5.166175.
00:10:19.2379396 [Info] User sets phase shift to 5.183628.
00:10:19.2556669 [Info] User sets phase shift to 5.2359877.
00:10:19.2708266 [Info] User sets phase shift to 5.2534413.
00:10:19.2893511 [Info] User sets phase shift to 5.2883477.
00:10:19.3042578 [Info] User sets phase shift to 5.340708.
00:10:19.3231222 [Info] User sets phase shift to 5.358161.
00:10:19.3366591 [Info] User sets phase shift to 5.375614.
00:10:19.3717822 [Info] User sets phase shift to 5.4279737.
00:10:19.4041287 [Info] User sets phase shift to 5.4454274.
00:10:19.4375912 [Info] User sets phase shift to 5.4628806.
00:10:19.4548670 [Info] User sets phase shift to 5.4977875.
00:10:19.4896761 [Info] User sets phase shift to 5.5152407.
00:10:19.5036008 [Info] User sets phase shift to 5.550147.
00:10:19.5218271 [Info] User sets phase shift to 5.5676007.
00:10:19.5373924 [Info] User sets phase shift to 5.585054.
00:10:19.5539201 [Info] User sets phase shift to 5.602507.
00:10:19.5702113 [Info] User sets phase shift to 5.6548667.
00:10:19.5870960 [Info] User sets phase shift to 5.6723204.
00:10:19.6041503 [Info] User sets phase shift to 5.7072268.
00:10:19.6207246 [Info] User sets phase shift to 5.72468.
00:10:19.6378742 [Info] User sets phase shift to 5.742133.
00:10:19.6552691 [Info] User sets phase shift to 5.794493.
00:10:19.6699662 [Info] User sets phase shift to 5.811947.
00:10:19.6831708 [Info] User 0 sets frequency to 0.8.
00:10:19.6887763 [Info] User sets phase shift to 5.8817596.
00:10:19.7047396 [Info] User sets phase shift to 5.9166665.
00:10:19.7237148 [Info] User sets phase shift to 5.934119.
00:10:19.7368429 [Info] User sets phase shift to 5.969026.
00:10:19.7560557 [Info] User sets phase shift to 5.9864798.
00:10:19.7718171 [Info] User sets phase shift to 6.0388393.
00:10:19.8039754 [Info] User sets phase shift to 6.0737457.
00:10:19.8205859 [Info] User sets phase shift to 6.0911994.
00:10:19.8384570 [Info] User sets phase shift to 6.1086526.
00:10:19.8554550 [Info] User sets phase shift to 6.126106.
00:10:19.8842225 [Info] User 0 sets frequency to 0.7.
00:10:19.8861518 [Info] User sets phase shift to 6.143559.
00:10:19.9031457 [Info] User sets phase shift to 6.161012.
00:10:19.9364540 [Info] User sets phase shift to 6.195919.
00:10:19.9711215 [Info] User sets phase shift to 6.213372.
00:10:19.9884583 [Info] User sets phase shift to 6.2308254.
00:10:20.0074222 [Info] User sets phase shift to 6.2482786.
00:10:20.0227110 [Info] User sets phase shift to 6.2657323.
00:10:20.0458808 [Info] User sets phase shift to 0.
00:10:20.0547833 [Info] User sets phase shift to 0.017453294.
00:10:20.1213018 [Info] User sets phase shift to 0.03490659.
00:10:20.1555467 [Info] User sets phase shift to 0.052359883.
00:10:20.2675565 [Info] User 0 sets frequency to 0.6.
00:10:20.2839430 [Info] User 0 sets frequency to 0.5.
00:10:20.3023577 [Info] User 0 sets frequency to 0.4.
00:10:20.3174432 [Info] User 0 sets frequency to 0.3.
00:10:20.3501585 [Info] User 0 sets frequency to 0.2.
00:10:20.3682404 [Info] User 0 sets frequency to 0.1.
00:10:20.4335330 [Info] User 0 sets frequency to 0.
00:10:23.9854911 [Info] User 0 sets frequency to 0.1.
00:10:24.0015556 [Info] User 0 sets frequency to 0.2.
00:10:24.0190658 [Info] User 0 sets frequency to 0.3.
00:10:24.0509603 [Info] User 0 sets frequency to 0.4.
00:10:24.1186767 [Info] User 0 sets frequency to 0.5.
00:10:24.1365863 [Info] User 0 sets frequency to 0.6.
00:10:24.1516763 [Info] User 0 sets frequency to 0.7.
00:10:24.2010124 [Info] User 0 sets frequency to 0.8.
00:10:24.2343508 [Info] User 0 sets frequency to 0.9.
00:10:24.2512511 [Info] User 0 sets frequency to 1.
00:10:24.5522726 [Info] User 0 sets frequency to 1.1.
00:10:24.5845699 [Info] User 0 sets frequency to 1.2.
00:10:24.6029801 [Info] User 0 sets frequency to 1.3.
00:10:24.7180543 [Info] User 0 sets frequency to 1.4.
00:10:25.3512982 [Info] User 0 sets frequency to 1.5.
00:10:25.4334477 [Info] User 0 sets frequency to 1.6.
00:10:28.5345835 [Info] User 0 sets frequency to 1.5.
00:10:28.6026129 [Info] User 0 sets frequency to 1.4.
00:10:28.7021349 [Info] User 0 sets frequency to 1.3.
00:10:29.8848684 [Info] User 0 sets frequency to 1.2.
00:10:29.9521522 [Info] User 0 sets frequency to 1.1.
00:10:31.6014393 [Info] User 0 sets frequency to 1.
00:10:32.0022884 [Info] User 0 sets frequency to 0.9.
00:10:32.0675263 [Info] User 0 sets frequency to 0.8.
00:10:32.6846215 [Info] User 0 sets frequency to 0.9.
00:10:33.3510791 [Info] User 0 sets frequency to 1.
00:10:37.3710465 [Info] User sets offset to 99.
00:10:37.5675821 [Info] User 0 sets frequency to 1.1.
00:10:42.5426400 [Info] User 0 sets frequency to 0.6.
00:10:45.4409992 [Info] User sets phase shift to 0.03490659.
00:10:45.6727079 [Info] User sets phase shift to 6.213372.
00:10:45.6904173 [Info] User sets phase shift to 6.143559.
00:10:45.7054809 [Info] User sets phase shift to 6.0737457.
00:10:45.7228896 [Info] User sets phase shift to 5.9864798.
00:10:45.7374112 [Info] User sets phase shift to 5.9166665.
00:10:45.7555371 [Info] User sets phase shift to 5.8468533.
00:10:45.7724864 [Info] User sets phase shift to 5.77704.
00:10:45.7907645 [Info] User sets phase shift to 5.72468.
00:10:45.8043882 [Info] User sets phase shift to 5.6897736.
00:10:45.8221852 [Info] User sets phase shift to 5.5676007.
00:10:45.8395389 [Info] User sets phase shift to 5.550147.
00:10:45.8575972 [Info] User sets phase shift to 5.5152407.
00:10:45.8722096 [Info] User sets phase shift to 5.4977875.
00:10:45.8887858 [Info] User sets phase shift to 5.4803343.
00:10:45.9061608 [Info] User sets phase shift to 5.4628806.
00:10:45.9248004 [Info] User sets phase shift to 5.4454274.
00:10:45.9380995 [Info] User sets phase shift to 5.4279737.
00:10:45.9554661 [Info] User sets phase shift to 5.393068.
00:10:46.0215727 [Info] User sets phase shift to 5.375614.
00:10:46.0392871 [Info] User sets phase shift to 5.340708.
00:10:46.0546304 [Info] User sets phase shift to 5.305801.
00:10:46.0748046 [Info] User sets phase shift to 5.2708945.
00:10:46.0887287 [Info] User sets phase shift to 5.2359877.
00:10:46.1043301 [Info] User sets phase shift to 5.2185345.
00:10:46.1550265 [Info] User sets phase shift to 5.2010813.
00:10:46.2043749 [Info] User sets phase shift to 5.183628.
00:10:46.3056004 [Info] User sets phase shift to 5.166175.
00:10:46.3588194 [Info] User sets phase shift to 5.148721.
00:10:46.4065492 [Info] User sets phase shift to 5.131268.
00:10:46.4223685 [Info] User sets phase shift to 5.113815.
00:10:46.4549834 [Info] User sets phase shift to 5.0963616.
00:10:46.4719935 [Info] User sets phase shift to 5.0789084.
00:10:46.5725897 [Info] User sets phase shift to 5.0614552.
00:10:46.6231056 [Info] User sets phase shift to 5.0440016.
00:10:46.6569163 [Info] User sets phase shift to 5.0265484.
00:10:46.6703802 [Info] User sets phase shift to 5.0090947.
00:10:46.7374205 [Info] User sets phase shift to 4.991642.
00:10:46.7891211 [Info] User sets phase shift to 4.974189.
00:10:46.8400051 [Info] User sets phase shift to 4.956735.
00:10:46.9217773 [Info] User sets phase shift to 4.939282.
00:10:47.1065957 [Info] User sets phase shift to 4.9218287.
00:10:47.1228113 [Info] User sets phase shift to 4.904375.
00:10:47.1556066 [Info] User sets phase shift to 4.8869224.
00:10:47.1745540 [Info] User sets phase shift to 4.8694687.
00:10:47.2043231 [Info] User sets phase shift to 4.8345623.
00:10:47.2233774 [Info] User sets phase shift to 4.8171086.
00:10:47.2548122 [Info] User sets phase shift to 4.7996554.
00:10:47.4397126 [Info] User sets phase shift to 4.7822022.
00:10:47.5269062 [Info] User sets phase shift to 4.764749.
00:10:47.5399933 [Info] User sets phase shift to 4.747296.
00:10:47.7328581 [Info] User 0 sets frequency to 0.7.
00:10:47.7515954 [Info] User 0 sets frequency to 0.8.
00:10:47.9180515 [Info] User 0 sets frequency to 0.9.
00:10:48.0351835 [Info] User 0 sets frequency to 1.
00:10:48.1361858 [Info] User 0 sets frequency to 1.1.
00:11:04.1217449 [Info] User 0 sets frequency to 0.9.
00:11:04.4185268 [Info] User 0 sets frequency to 0.8.
00:11:04.9345845 [Info] User 0 sets frequency to 0.9.
00:11:08.4193694 [Info] User sets offset to 90.
00:11:10.9580556 [Info] User 0 sets frequency to 1.
00:11:11.7347819 [Info] User 0 sets frequency to 1.1.
00:11:12.0700506 [Info] User 0 sets frequency to 1.2.
00:11:12.2191298 [Info] User 0 sets frequency to 1.3.
00:11:12.5348752 [Info] User 0 sets frequency to 1.4.
00:11:12.6530621 [Info] User 0 sets frequency to 1.5.
00:11:13.2854152 [Info] User 0 sets frequency to 1.4.
00:11:15.0348176 [Info] User 0 sets frequency to 1.3.
00:11:15.4869222 [Info] User 0 sets frequency to 1.2.
00:11:15.6524046 [Info] User 0 sets frequency to 1.1.
00:11:15.7036820 [Info] User 0 sets frequency to 1.2.
00:11:25.2200792 [Info] User sets offset to 85.
00:11:32.5564283 [Info] User sets offset to 90.
00:11:33.9396824 [Info] User 0 sets frequency to 0.9.
00:11:42.4968781 [Info] User sets phase shift to 4.712389.
00:11:42.7087651 [Info] User sets phase shift to 5.0614552.
00:11:42.7235224 [Info] User sets phase shift to 5.2185345.
00:11:42.7412912 [Info] User sets phase shift to 5.2883477.
00:11:42.7575856 [Info] User sets phase shift to 5.375614.
00:11:42.7744651 [Info] User sets phase shift to 5.4628806.
00:11:42.7888191 [Info] User sets phase shift to 5.550147.
00:11:42.8061773 [Info] User sets phase shift to 5.585054.
00:11:42.8233296 [Info] User sets phase shift to 5.6374135.
00:11:42.8393576 [Info] User sets phase shift to 5.6897736.
00:11:42.8565648 [Info] User sets phase shift to 5.72468.
00:11:42.8730245 [Info] User sets phase shift to 5.759587.
00:11:42.8893352 [Info] User sets phase shift to 5.8468533.
00:11:42.9080720 [Info] User sets phase shift to 5.934119.
00:11:42.9237762 [Info] User sets phase shift to 6.021386.
00:11:42.9580233 [Info] User sets phase shift to 6.0388393.
00:11:42.9740733 [Info] User sets phase shift to 6.0737457.
00:11:43.0234190 [Info] User sets phase shift to 6.0911994.
00:11:43.2906039 [Info] User sets phase shift to 6.1086526.
00:11:43.3237069 [Info] User sets phase shift to 6.126106.
00:11:43.3745846 [Info] User sets phase shift to 6.161012.
00:11:43.4073031 [Info] User sets phase shift to 6.178466.
00:11:43.5745798 [Info] User sets phase shift to 6.195919.
00:11:43.5900018 [Info] User sets phase shift to 6.213372.
00:11:43.6398145 [Info] User sets phase shift to 6.2308254.
00:11:43.6563053 [Info] User sets phase shift to 6.2482786.
00:11:43.7082326 [Info] User sets phase shift to 6.2657323.
00:11:45.5172380 [Info] User 0 sets frequency to 1.1.
00:13:09.5349821 [Info] User 0 sets frequency to 0.8.
00:13:11.1692578 [Info] User 0 sets frequency to 0.7.
00:13:27.3597911 [Info] User sets offset to 98.
00:13:31.2982451 [Info] User sets offset to 102.
00:13:32.2613729 [Info] User sets offset to 99.
00:13:55.0378262 [Info] User 0 sets frequency to 0.9.
00:14:03.3975262 [Info] User sets phase shift to 4.8869224.
00:14:18.6981030 [Info] User sets phase shift to 0.052359883.
00:14:46.9520030 [Info] User sets offset to 48.
00:14:49.5310506 [Info] User sets amplitude to 8.3.
00:14:50.7080697 [Info] User sets amplitude to 29.5.
00:14:52.3415750 [Info] User sets offset to 81.
00:14:53.3001369 [Info] User sets phase shift to 4.9218287.
00:14:53.3156233 [Info] User sets phase shift to 4.6076694.
00:14:53.3319096 [Info] User sets phase shift to 4.537856.
00:14:53.3458433 [Info] User sets phase shift to 4.4680433.
00:14:53.3647761 [Info] User sets phase shift to 4.3982296.
00:14:53.3842472 [Info] User sets phase shift to 4.3807764.
00:14:53.3979867 [Info] User sets phase shift to 4.3982296.
00:14:53.4131062 [Info] User sets phase shift to 4.4156833.
00:14:53.4321312 [Info] User sets phase shift to 4.4505897.
00:14:53.4643807 [Info] User sets phase shift to 4.4680433.
00:14:53.5136996 [Info] User sets phase shift to 4.485496.
00:14:53.5460803 [Info] User sets phase shift to 4.537856.
00:14:53.5642051 [Info] User sets phase shift to 4.572763.
00:14:53.5819099 [Info] User sets phase shift to 4.590216.
00:14:53.5963709 [Info] User sets phase shift to 4.6251225.
00:14:53.6126327 [Info] User sets phase shift to 4.6425757.
00:14:53.6310962 [Info] User sets phase shift to 4.6600294.
00:14:53.7294994 [Info] User sets phase shift to 4.6251225.
00:14:53.7473680 [Info] User sets phase shift to 4.6076694.
00:14:53.7624438 [Info] User sets phase shift to 4.572763.
00:14:53.7815848 [Info] User sets phase shift to 4.520403.
00:14:53.7980333 [Info] User sets phase shift to 4.502949.
00:14:53.8172990 [Info] User sets phase shift to 4.4505897.
00:14:53.8320752 [Info] User sets phase shift to 4.4156833.
00:14:53.8605071 [Info] User sets phase shift to 4.3807764.
00:14:54.3428115 [Info] User sets phase shift to 4.328417.
00:14:54.3458496 [Info] User sets phase shift to 4.34587.
00:14:54.3621004 [Info] User sets phase shift to 4.3982296.
00:14:54.3809622 [Info] User sets phase shift to 4.4156833.
00:14:54.3976131 [Info] User sets phase shift to 4.4680433.
00:14:54.4138726 [Info] User sets phase shift to 4.537856.
00:14:54.4303536 [Info] User sets phase shift to 4.6425757.
00:14:54.4478643 [Info] User sets phase shift to 4.729842.
00:14:54.4515761 [Info] User sets phase shift to 4.747296.
00:14:54.4635163 [Info] User sets phase shift to 4.7822022.
00:14:54.4801988 [Info] User sets phase shift to 4.8345623.
00:14:54.4952336 [Info] User sets phase shift to 4.904375.
00:14:54.5136123 [Info] User sets phase shift to 4.939282.
00:14:54.5478848 [Info] User sets phase shift to 4.974189.
00:14:54.6125703 [Info] User sets phase shift to 4.939282.
00:14:54.6307960 [Info] User sets phase shift to 4.9218287.
00:14:54.6475396 [Info] User sets phase shift to 4.904375.
00:14:54.6642692 [Info] User sets phase shift to 4.8694687.
00:14:54.6814970 [Info] User sets phase shift to 4.8520155.
00:14:54.6964227 [Info] User sets phase shift to 4.8345623.
00:14:54.7147485 [Info] User sets phase shift to 4.8171086.
00:14:54.7309167 [Info] User sets phase shift to 4.7996554.
00:14:54.7468449 [Info] User sets phase shift to 4.764749.
00:14:54.7654187 [Info] User sets phase shift to 4.712389.
00:14:54.7811037 [Info] User sets phase shift to 4.6774826.
00:14:54.8282522 [Info] User sets phase shift to 4.6600294.
00:14:54.8454617 [Info] User sets phase shift to 4.6425757.
00:14:55.4331622 [Info] User sets phase shift to 4.3982296.
00:14:55.4470016 [Info] User sets phase shift to 4.4156833.
00:14:55.4625963 [Info] User sets phase shift to 4.4505897.
00:14:55.5124834 [Info] User sets phase shift to 4.4680433.
00:14:55.6621453 [Info] User sets phase shift to 4.485496.
00:14:55.6971133 [Info] User sets phase shift to 4.502949.
00:14:55.7123997 [Info] User sets phase shift to 4.537856.
00:14:55.7318295 [Info] User sets phase shift to 4.55531.
00:14:55.7476838 [Info] User sets phase shift to 4.590216.
00:14:55.7643553 [Info] User sets phase shift to 4.6076694.
00:14:55.7806945 [Info] User sets phase shift to 4.6425757.
00:14:55.7987372 [Info] User sets phase shift to 4.6600294.
00:14:55.8017623 [Info] User sets phase shift to 4.6774826.
00:14:55.8318854 [Info] User sets phase shift to 4.729842.
00:14:55.8447972 [Info] User sets phase shift to 4.7996554.
00:14:55.8668696 [Info] User sets phase shift to 4.8694687.
00:14:55.8805008 [Info] User sets phase shift to 4.939282.
00:14:55.8965827 [Info] User sets phase shift to 4.956735.
00:14:55.9142964 [Info] User sets phase shift to 5.0090947.
00:14:55.9311187 [Info] User sets phase shift to 5.0265484.
00:14:55.9468076 [Info] User sets phase shift to 5.0614552.
00:14:55.9819373 [Info] User sets phase shift to 5.0789084.
00:14:55.9980303 [Info] User sets phase shift to 5.0963616.
00:14:56.0135923 [Info] User sets phase shift to 5.131268.
00:14:56.0305613 [Info] User sets phase shift to 5.166175.
00:14:56.0472256 [Info] User sets phase shift to 5.2010813.
00:14:56.0795982 [Info] User sets phase shift to 5.2185345.
00:14:56.1125164 [Info] User sets phase shift to 5.2359877.
00:14:56.1301343 [Info] User sets phase shift to 5.2534413.
00:15:01.5484603 [Info] User sets offset to 115.
00:15:02.8721090 [Info] User sets offset to 107.
00:15:04.2682736 [Info] User sets offset to 102.
00:15:14.3987027 [Info] User sets phase shift to 5.2359877.
00:15:14.4124425 [Info] User sets phase shift to 5.2010813.
00:15:14.4303708 [Info] User sets phase shift to 5.183628.
00:15:14.4465843 [Info] User sets phase shift to 5.131268.
00:15:14.4631947 [Info] User sets phase shift to 5.113815.
00:15:14.4805184 [Info] User sets phase shift to 5.0789084.
00:15:14.4950895 [Info] User sets phase shift to 5.0440016.
00:15:14.5107920 [Info] User sets phase shift to 5.0090947.
00:15:14.5284292 [Info] User sets phase shift to 4.991642.
00:15:14.5448824 [Info] User sets phase shift to 4.974189.
00:15:14.5793531 [Info] User sets phase shift to 4.956735.
00:15:14.6297170 [Info] User sets phase shift to 4.939282.
00:15:14.6946404 [Info] User sets phase shift to 4.904375.
00:15:14.7294999 [Info] User sets phase shift to 4.8869224.
00:15:14.7799265 [Info] User sets phase shift to 4.8694687.
00:15:14.7967431 [Info] User sets phase shift to 4.8520155.
00:15:14.8154268 [Info] User sets phase shift to 4.8345623.
00:15:14.8288769 [Info] User sets phase shift to 4.8171086.
00:15:14.9133896 [Info] User sets phase shift to 4.7996554.
00:15:14.9637842 [Info] User sets phase shift to 4.7822022.
00:15:27.4804289 [Info] User sets offset to 95.
00:15:27.7253808 [Info] User sets offset to 94.
00:15:27.7425083 [Info] User sets offset to 93.
00:15:27.7620215 [Info] User sets offset to 91.
00:15:27.7910555 [Info] User sets offset to 90.
00:15:27.8594569 [Info] User sets offset to 89.
00:15:27.8756726 [Info] User sets offset to 88.
00:15:27.9082851 [Info] User sets offset to 87.
00:15:27.9252075 [Info] User sets offset to 86.
00:15:27.9438459 [Info] User sets offset to 85.
00:15:27.9587155 [Info] User sets offset to 84.
00:15:28.0251064 [Info] User sets offset to 83.
00:15:28.3920344 [Info] User sets offset to 84.
00:15:28.4090247 [Info] User sets offset to 85.
00:15:28.4757336 [Info] User sets offset to 86.
00:15:28.5747313 [Info] User sets offset to 87.
00:15:28.7087632 [Info] User sets offset to 88.
00:15:29.4401870 [Info] User sets offset to 89.
00:15:29.5738034 [Info] User sets offset to 90.
00:15:29.6743556 [Info] User sets offset to 91.
00:15:30.3926164 [Info] User sets offset to 90.
00:16:15.0034888 [Info] User sets amplitude to 31.1.
00:16:15.3278990 [Info] User sets amplitude to 30.8.
00:16:15.3446635 [Info] User sets amplitude to 28.9.
00:16:15.3600790 [Info] User sets amplitude to 26.5.
00:16:15.3784181 [Info] User sets amplitude to 23.
00:16:15.3937101 [Info] User sets amplitude to 21.7.
00:16:15.4089499 [Info] User sets amplitude to 20.6.
00:16:15.4282717 [Info] User sets amplitude to 19.3.
00:16:15.4431590 [Info] User sets amplitude to 18.4.
00:16:15.4612806 [Info] User sets amplitude to 17.7.
00:16:15.4778743 [Info] User sets amplitude to 17.1.
00:16:15.4945241 [Info] User sets amplitude to 16.5.
00:16:15.5116589 [Info] User sets amplitude to 15.9.
00:16:15.5263737 [Info] User sets amplitude to 15.7.
00:16:15.5428130 [Info] User sets amplitude to 15.4.
00:16:15.5614992 [Info] User sets amplitude to 15.2.
00:16:15.5779843 [Info] User sets amplitude to 15.1.
00:16:15.5944806 [Info] User sets amplitude to 14.7.
00:16:15.6108669 [Info] User sets amplitude to 13.4.
00:16:15.6261943 [Info] User sets amplitude to 12.4.
00:16:15.6431405 [Info] User sets amplitude to 11.1.
00:16:15.6604961 [Info] User sets amplitude to 9.5.
00:16:15.6812915 [Info] User sets amplitude to 8.2.
00:16:15.6936380 [Info] User sets amplitude to 7.2.
00:16:15.7105276 [Info] User sets amplitude to 5.4.
00:16:15.7263149 [Info] User sets amplitude to 4.3.
00:16:15.7433982 [Info] User sets amplitude to 3.
00:16:15.7603680 [Info] User sets amplitude to 1.6.
00:16:15.7771052 [Info] User sets amplitude to 1.
00:16:15.7965196 [Info] User sets amplitude to 0.
00:16:22.9067914 [Info] User sets amplitude to 15.1.
00:16:24.0525572 [Info] User sets amplitude to 21.6.
00:16:40.6854476 [Info] User sets phase shift to 4.694936.
00:16:41.1144338 [Info] User sets phase shift to 4.712389.
00:16:41.1495912 [Info] User sets phase shift to 4.747296.
00:16:41.1636937 [Info] User sets phase shift to 4.764749.
00:16:41.1834590 [Info] User sets phase shift to 4.7822022.
00:16:41.1991156 [Info] User sets phase shift to 4.8171086.
00:16:41.2835058 [Info] User sets phase shift to 4.8345623.
00:16:41.3150225 [Info] User sets phase shift to 4.904375.
00:16:41.3318073 [Info] User sets phase shift to 4.9218287.
00:16:41.3528827 [Info] User sets phase shift to 4.939282.
00:16:41.3640584 [Info] User sets phase shift to 4.956735.
00:16:41.3812965 [Info] User sets phase shift to 4.974189.
00:16:41.4143575 [Info] User sets phase shift to 4.956735.
00:16:41.5829180 [Info] User sets phase shift to 4.939282.
00:16:41.5985088 [Info] User sets phase shift to 4.9218287.
00:16:41.6146639 [Info] User sets phase shift to 4.8869224.
00:16:41.6330053 [Info] User sets phase shift to 4.8694687.
00:16:41.6485345 [Info] User sets phase shift to 4.8345623.
00:16:41.6825661 [Info] User sets phase shift to 4.8171086.
00:16:41.6986907 [Info] User sets phase shift to 4.7822022.
00:16:41.7142756 [Info] User sets phase shift to 4.764749.
00:16:41.7299434 [Info] User sets phase shift to 4.747296.
00:16:41.7826215 [Info] User sets phase shift to 4.729842.
00:16:41.7984667 [Info] User sets phase shift to 4.712389.
00:16:41.8836364 [Info] User sets phase shift to 4.694936.
00:16:44.9384929 [Info] User sets phase shift to 4.6774826.
00:16:45.4663452 [Info] User sets phase shift to 4.694936.
00:16:45.5971589 [Info] User sets phase shift to 4.712389.
00:16:45.6326774 [Info] User sets phase shift to 4.729842.
00:16:45.6659213 [Info] User sets phase shift to 4.764749.
00:16:45.6814398 [Info] User sets phase shift to 4.7822022.
00:16:45.6972974 [Info] User sets phase shift to 4.8171086.
00:16:45.7148089 [Info] User sets phase shift to 4.8345623.
00:16:45.7333566 [Info] User sets phase shift to 4.8520155.
00:16:45.7477185 [Info] User sets phase shift to 4.8694687.
00:16:46.0816034 [Info] User sets phase shift to 4.8520155.
00:16:46.1484152 [Info] User sets phase shift to 4.8345623.
00:16:46.1644114 [Info] User sets phase shift to 4.8171086.
00:16:46.1991670 [Info] User sets phase shift to 4.7996554.
00:16:46.2977905 [Info] User sets phase shift to 4.7822022.
00:16:46.3138957 [Info] User sets phase shift to 4.764749.
00:16:49.2508144 [Info] User sets amplitude to 39.4.
00:16:50.2433564 [Info] User sets amplitude to 43.9.
00:18:42.4650970 [Info] User 0 sets frequency to 0.
00:18:44.8297201 [Info] User sets amplitude to 0.
00:18:44.8299930 [Info] User sets phase shift to 0.
00:19:05.9612206 [Info] C is no longer in control.
