00:00:03.6376601 [Info] A is in control.
00:00:38.5600517 [Info] User 0 sets frequency to 0.2.
00:00:39.1466661 [Info] User 2 sets frequency to 0.
00:01:13.6534463 [Info] User sets offset to 103.
00:01:15.9083124 [Info] User sets offset to 117.
00:01:16.3184121 [Info] User 1 sets frequency to 0.1.
00:01:16.7539262 [Info] User 1 sets frequency to 0.2.
00:01:18.4795963 [Info] User sets offset to 148.
00:01:19.6671380 [Info] User 2 sets frequency to 0.3.
00:01:19.8498050 [Info] User 2 sets frequency to 0.4.
00:01:20.2154275 [Info] User 2 sets frequency to 0.5.
00:01:20.5383617 [Info] User sets offset to 173.
00:01:20.5665596 [Info] User 2 sets frequency to 0.6.
00:01:21.0993235 [Info] User 2 sets frequency to 0.7.
00:01:22.9308714 [Info] User sets offset to 177.
00:01:24.7130911 [Info] User sets offset to 111.
00:01:28.0272804 [Info] User sets offset to 94.
00:01:30.0098737 [Info] User sets amplitude to 12.8.
00:01:31.2431268 [Info] User sets amplitude to 17.2.
00:01:31.6852761 [Info] User sets amplitude to 17.5.
00:01:31.7025918 [Info] User sets amplitude to 17.7.
00:01:31.7191197 [Info] User sets amplitude to 18.1.
00:01:31.7359526 [Info] User sets amplitude to 18.3.
00:01:31.7534538 [Info] User sets amplitude to 18.7.
00:01:31.7694814 [Info] User sets amplitude to 18.8.
00:01:31.7870747 [Info] User sets amplitude to 19.1.
00:01:31.8038510 [Info] User sets amplitude to 19.3.
00:01:31.8204466 [Info] User sets amplitude to 19.6.
00:01:31.8393548 [Info] User sets amplitude to 20.
00:01:31.8531849 [Info] User sets amplitude to 20.2.
00:01:31.8711376 [Info] User sets amplitude to 20.5.
00:01:31.8896122 [Info] User sets amplitude to 21.6.
00:01:31.9036908 [Info] User sets amplitude to 22.2.
00:01:31.9205454 [Info] User sets amplitude to 22.5.
00:01:31.9361049 [Info] User sets amplitude to 23.6.
00:01:31.9536580 [Info] User sets amplitude to 24.5.
00:01:31.9706877 [Info] User sets amplitude to 25.5.
00:01:31.9857047 [Info] User sets amplitude to 26.4.
00:01:32.0025400 [Info] User sets amplitude to 27.
00:01:32.0196617 [Info] User sets amplitude to 27.8.
00:01:32.0356517 [Info] User sets amplitude to 28.7.
00:01:32.0525861 [Info] User sets amplitude to 29.3.
00:01:32.0718327 [Info] User sets amplitude to 29.9.
00:01:32.1016671 [Info] User sets amplitude to 30.
00:01:32.1212869 [Info] User sets amplitude to 30.1.
00:01:32.1391747 [Info] User sets amplitude to 30.3.
00:01:32.1555307 [Info] User sets amplitude to 30.4.
00:01:32.1769976 [Info] User sets amplitude to 30.5.
00:01:32.1860415 [Info] User sets amplitude to 30.6.
00:01:32.2043128 [Info] User sets amplitude to 31.
00:01:32.2195524 [Info] User sets amplitude to 32.3.
00:01:32.2357959 [Info] User sets amplitude to 33.3.
00:01:32.2542011 [Info] User sets amplitude to 34.4.
00:01:32.2699692 [Info] User sets amplitude to 36.2.
00:01:32.2849558 [Info] User sets amplitude to 37.1.
00:01:32.3022654 [Info] User sets amplitude to 37.8.
00:01:32.3202536 [Info] User sets amplitude to 38.6.
00:01:32.3402118 [Info] User sets amplitude to 39.1.
00:01:32.3548521 [Info] User sets amplitude to 39.5.
00:01:32.3705400 [Info] User sets amplitude to 40.2.
00:01:32.3934356 [Info] User sets amplitude to 40.6.
00:01:32.4137955 [Info] User sets amplitude to 41.
00:01:32.4237737 [Info] User sets amplitude to 41.3.
00:01:32.4369089 [Info] User sets amplitude to 42.
00:01:32.4550710 [Info] User sets amplitude to 42.5.
00:01:32.4706523 [Info] User sets amplitude to 43.1.
00:01:32.4860762 [Info] User sets amplitude to 43.3.
00:01:32.5031349 [Info] User sets amplitude to 43.6.
00:01:32.5199602 [Info] User sets amplitude to 43.9.
00:01:32.5370019 [Info] User sets amplitude to 44.1.
00:01:32.5521133 [Info] User sets amplitude to 44.5.
00:01:32.5717176 [Info] User sets amplitude to 44.8.
00:01:32.5857986 [Info] User sets amplitude to 45.2.
00:01:32.6023643 [Info] User sets amplitude to 45.6.
00:01:32.6201864 [Info] User sets amplitude to 45.9.
00:01:32.6367657 [Info] User sets amplitude to 46.2.
00:01:32.6539523 [Info] User sets amplitude to 46.4.
00:01:32.6762998 [Info] User sets amplitude to 46.8.
00:01:32.6867550 [Info] User sets amplitude to 47.
00:01:32.7065947 [Info] User sets amplitude to 47.1.
00:01:32.7202435 [Info] User sets amplitude to 47.5.
00:01:32.7377851 [Info] User sets amplitude to 47.9.
00:01:32.7556236 [Info] User sets amplitude to 48.2.
00:01:32.7741511 [Info] User sets amplitude to 48.4.
00:01:32.7852977 [Info] User sets amplitude to 48.5.
00:01:32.8023414 [Info] User sets amplitude to 48.7.
00:01:32.8222031 [Info] User sets amplitude to 49.1.
00:01:32.8434965 [Info] User sets amplitude to 49.3.
00:01:32.8529650 [Info] User sets amplitude to 49.6.
00:01:32.8697873 [Info] User sets amplitude to 49.8.
00:01:32.8861650 [Info] User sets amplitude to 50.2.
00:01:32.9033576 [Info] User sets amplitude to 50.4.
00:01:32.9195673 [Info] User sets amplitude to 50.8.
00:01:32.9370832 [Info] User sets amplitude to 51.
00:01:32.9528793 [Info] User sets amplitude to 51.4.
00:01:32.9697210 [Info] User sets amplitude to 51.8.
00:01:32.9859083 [Info] User sets amplitude to 52.1.
00:01:33.0039327 [Info] User sets amplitude to 52.6.
00:01:33.0230152 [Info] User sets amplitude to 53.
00:01:33.0357746 [Info] User sets amplitude to 53.3.
00:01:33.0524341 [Info] User sets amplitude to 53.8.
00:01:33.0705512 [Info] User sets amplitude to 54.
00:01:33.0857214 [Info] User sets amplitude to 54.6.
00:01:33.1025290 [Info] User sets amplitude to 55.
00:01:33.1208440 [Info] User sets amplitude to 55.4.
00:01:33.1370593 [Info] User sets amplitude to 55.7.
00:01:33.1523675 [Info] User sets amplitude to 55.9.
00:01:33.1724327 [Info] User sets amplitude to 56.3.
00:01:33.1869459 [Info] User sets amplitude to 56.5.
00:01:33.2022531 [Info] User sets amplitude to 56.8.
00:01:33.2232532 [Info] User sets amplitude to 57.1.
00:01:33.2358160 [Info] User sets amplitude to 57.4.
00:01:33.2522774 [Info] User sets amplitude to 57.6.
00:01:33.2703891 [Info] User sets amplitude to 57.8.
00:01:33.2860635 [Info] User sets amplitude to 58.2.
00:01:33.3030292 [Info] User sets amplitude to 58.5.
00:01:33.3196807 [Info] User sets amplitude to 58.7.
00:01:33.3368522 [Info] User sets amplitude to 58.9.
00:01:33.3524105 [Info] User sets amplitude to 59.2.
00:01:33.3705031 [Info] User sets amplitude to 59.3.
00:01:33.4191703 [Info] User sets amplitude to 59.4.
00:01:33.4364167 [Info] User sets amplitude to 59.7.
00:01:33.4556230 [Info] User sets amplitude to 59.8.
00:01:33.4703342 [Info] User sets amplitude to 59.9.
00:01:33.5016676 [Info] User sets amplitude to 60.
00:01:33.5209842 [Info] User sets amplitude to 60.2.
00:01:34.3603915 [Info] User sets amplitude to 59.8.
00:01:34.3714310 [Info] User sets amplitude to 59.5.
00:01:34.3884875 [Info] User sets amplitude to 58.8.
00:01:34.4062985 [Info] User sets amplitude to 58.3.
00:01:34.4201548 [Info] User sets amplitude to 58.1.
00:01:34.4363370 [Info] User sets amplitude to 58.
00:01:34.4521267 [Info] User sets amplitude to 57.7.
00:01:34.4855495 [Info] User sets amplitude to 57.6.
00:01:34.5040965 [Info] User sets amplitude to 57.5.
00:01:35.2704888 [Info] User sets amplitude to 57.6.
00:01:36.8069442 [Info] User sets amplitude to 57.8.
00:01:36.8430784 [Info] User sets amplitude to 58.
00:01:36.8537358 [Info] User sets amplitude to 58.1.
00:01:36.8700915 [Info] User sets amplitude to 58.3.
00:01:36.8875100 [Info] User sets amplitude to 58.6.
00:01:36.9033430 [Info] User sets amplitude to 58.7.
00:01:36.9185492 [Info] User sets amplitude to 58.8.
00:01:36.9392816 [Info] User sets amplitude to 59.2.
00:01:36.9531847 [Info] User sets amplitude to 59.3.
00:01:36.9718436 [Info] User sets amplitude to 59.4.
00:01:36.9877909 [Info] User sets amplitude to 59.5.
00:01:37.0025016 [Info] User sets amplitude to 60.
00:01:37.0204754 [Info] User sets amplitude to 60.3.
00:01:37.0384483 [Info] User sets amplitude to 60.5.
00:01:37.0530204 [Info] User sets amplitude to 60.8.
00:01:37.0696920 [Info] User sets amplitude to 61.1.
00:01:37.0897854 [Info] User sets amplitude to 61.4.
00:01:37.1085475 [Info] User sets amplitude to 61.5.
00:01:37.1219798 [Info] User sets amplitude to 61.7.
00:01:37.1387360 [Info] User sets amplitude to 62.
00:01:37.1545174 [Info] User sets amplitude to 62.1.
00:01:37.1764732 [Info] User sets amplitude to 62.2.
00:01:37.2073461 [Info] User sets amplitude to 62.3.
00:01:37.2251369 [Info] User sets amplitude to 62.5.
00:01:37.2469282 [Info] User sets amplitude to 62.6.
00:01:37.2762939 [Info] User sets amplitude to 62.7.
00:01:37.3019838 [Info] User sets amplitude to 62.8.
00:01:37.3197369 [Info] User sets amplitude to 63.
00:01:37.3358916 [Info] User sets amplitude to 63.1.
00:01:37.3529369 [Info] User sets amplitude to 63.2.
00:01:37.3694282 [Info] User sets amplitude to 63.3.
00:01:37.4178337 [Info] User sets amplitude to 63.4.
00:01:37.4379489 [Info] User sets amplitude to 63.6.
00:01:37.4684783 [Info] User sets amplitude to 63.8.
00:01:37.5532061 [Info] User sets amplitude to 63.9.
00:01:37.5716912 [Info] User sets amplitude to 64.
00:01:37.6185008 [Info] User sets amplitude to 64.3.
00:01:37.6524727 [Info] User sets amplitude to 64.5.
00:01:37.6874584 [Info] User sets amplitude to 64.7.
00:01:37.7184065 [Info] User sets amplitude to 64.8.
00:01:37.8687716 [Info] User sets amplitude to 64.9.
00:01:37.8868168 [Info] User sets amplitude to 65.
00:01:37.9087654 [Info] User sets amplitude to 65.1.
00:01:37.9368695 [Info] User sets amplitude to 65.3.
00:01:37.9535098 [Info] User sets amplitude to 65.4.
00:01:38.1675882 [Info] User sets amplitude to 65.1.
00:01:38.1862966 [Info] User sets amplitude to 64.5.
00:01:38.2043058 [Info] User sets amplitude to 63.8.
00:01:38.2185799 [Info] User sets amplitude to 63.3.
00:01:38.2368107 [Info] User sets amplitude to 62.8.
00:01:38.2541747 [Info] User sets amplitude to 61.9.
00:01:38.2704520 [Info] User sets amplitude to 61.2.
00:01:38.2865560 [Info] User sets amplitude to 60.4.
00:01:38.3034596 [Info] User sets amplitude to 59.2.
00:01:38.3217737 [Info] User sets amplitude to 58.7.
00:01:38.3423985 [Info] User sets amplitude to 58.5.
00:01:38.3532800 [Info] User sets amplitude to 58.1.
00:01:38.3688784 [Info] User sets amplitude to 57.8.
00:01:38.3870386 [Info] User sets amplitude to 57.7.
00:01:38.4040784 [Info] User sets amplitude to 57.1.
00:01:38.4205525 [Info] User sets amplitude to 56.6.
00:01:38.4364765 [Info] User sets amplitude to 56.1.
00:01:38.4546396 [Info] User sets amplitude to 55.7.
00:01:38.4705819 [Info] User sets amplitude to 55.2.
00:01:38.4900810 [Info] User sets amplitude to 54.8.
00:01:38.5039203 [Info] User sets amplitude to 54.2.
00:01:38.5202143 [Info] User sets amplitude to 54.
00:01:38.5360491 [Info] User sets amplitude to 53.6.
00:01:38.5558991 [Info] User sets amplitude to 53.1.
00:01:38.5731377 [Info] User sets amplitude to 52.9.
00:01:38.5892744 [Info] User sets amplitude to 52.5.
00:01:38.6035998 [Info] User sets amplitude to 52.
00:01:38.6224556 [Info] User sets amplitude to 51.8.
00:01:38.6354137 [Info] User sets amplitude to 51.6.
00:01:38.6560431 [Info] User sets amplitude to 51.4.
00:01:38.6688081 [Info] User sets amplitude to 51.
00:01:38.6885566 [Info] User sets amplitude to 50.9.
00:01:38.7031289 [Info] User sets amplitude to 50.8.
00:01:38.7203662 [Info] User sets amplitude to 50.6.
00:01:38.7367633 [Info] User sets amplitude to 50.2.
00:01:38.7553695 [Info] User sets amplitude to 49.9.
00:01:38.7714701 [Info] User sets amplitude to 49.7.
00:01:38.7873816 [Info] User sets amplitude to 49.2.
00:01:38.8036269 [Info] User sets amplitude to 48.1.
00:01:38.8191930 [Info] User sets amplitude to 47.4.
00:01:38.8369342 [Info] User sets amplitude to 46.7.
00:01:38.8540627 [Info] User sets amplitude to 46.1.
00:01:38.8731782 [Info] User sets amplitude to 45.2.
00:01:38.8949353 [Info] User sets amplitude to 45.
00:01:38.9034097 [Info] User sets amplitude to 44.7.
00:01:38.9199785 [Info] User sets amplitude to 44.5.
00:01:38.9357029 [Info] User sets amplitude to 44.2.
00:01:38.9526225 [Info] User sets amplitude to 43.9.
00:01:38.9689071 [Info] User sets amplitude to 43.5.
00:01:38.9849340 [Info] User sets amplitude to 43.
00:01:39.0032602 [Info] User sets amplitude to 41.7.
00:01:39.0198933 [Info] User sets amplitude to 40.6.
00:01:39.0366593 [Info] User sets amplitude to 40.
00:01:39.0533193 [Info] User sets amplitude to 38.9.
00:01:39.0690749 [Info] User sets amplitude to 38.5.
00:01:39.0862116 [Info] User sets amplitude to 38.3.
00:01:39.1094083 [Info] User sets amplitude to 38.
00:01:39.1195529 [Info] User sets amplitude to 37.8.
00:01:39.1377069 [Info] User sets amplitude to 37.5.
00:01:39.1538507 [Info] User sets amplitude to 37.2.
00:01:39.1707368 [Info] User sets amplitude to 36.8.
00:01:39.1869933 [Info] User sets amplitude to 36.7.
00:01:39.2033669 [Info] User sets amplitude to 36.3.
00:01:39.2351140 [Info] User sets amplitude to 36.
00:01:39.2530671 [Info] User sets amplitude to 35.8.
00:01:39.2692143 [Info] User sets amplitude to 35.6.
00:01:39.2852768 [Info] User sets amplitude to 35.5.
00:01:39.3035062 [Info] User sets amplitude to 35.2.
00:01:39.3354006 [Info] User sets amplitude to 35.
00:01:39.3537347 [Info] User sets amplitude to 34.5.
00:01:39.3694564 [Info] User sets amplitude to 34.4.
00:01:39.3876632 [Info] User sets amplitude to 34.1.
00:01:39.4031539 [Info] User sets amplitude to 33.8.
00:01:39.4199220 [Info] User sets amplitude to 33.7.
00:01:39.4356818 [Info] User sets amplitude to 33.3.
00:01:39.4536519 [Info] User sets amplitude to 33.
00:01:39.4701263 [Info] User sets amplitude to 32.7.
00:01:39.4859815 [Info] User sets amplitude to 32.6.
00:01:39.5024623 [Info] User sets amplitude to 32.4.
00:01:39.5206894 [Info] User sets amplitude to 32.2.
00:01:39.5358462 [Info] User sets amplitude to 32.
00:01:39.5689107 [Info] User sets amplitude to 31.8.
00:01:39.6531495 [Info] User sets amplitude to 31.5.
00:01:39.6708425 [Info] User sets amplitude to 30.7.
00:01:39.6856489 [Info] User sets amplitude to 30.1.
00:01:39.7068746 [Info] User sets amplitude to 29.8.
00:01:39.7195624 [Info] User sets amplitude to 29.5.
00:01:39.7392754 [Info] User sets amplitude to 29.3.
00:01:39.7533234 [Info] User sets amplitude to 29.2.
00:01:39.7723162 [Info] User sets amplitude to 29.
00:01:39.8033427 [Info] User sets amplitude to 28.9.
00:01:39.8221848 [Info] User sets amplitude to 28.7.
00:01:39.8518242 [Info] User sets amplitude to 28.4.
00:01:39.8703237 [Info] User sets amplitude to 28.2.
00:01:39.8863973 [Info] User sets amplitude to 28.1.
00:01:39.9044216 [Info] User sets amplitude to 27.9.
00:01:39.9205250 [Info] User sets amplitude to 27.7.
00:01:39.9363311 [Info] User sets amplitude to 27.6.
00:01:39.9535550 [Info] User sets amplitude to 27.3.
00:01:39.9694974 [Info] User sets amplitude to 27.2.
00:01:39.9873669 [Info] User sets amplitude to 27.
00:01:40.0033314 [Info] User sets amplitude to 26.7.
00:01:40.0199826 [Info] User sets amplitude to 26.4.
00:01:40.0352395 [Info] User sets amplitude to 26.1.
00:01:40.0547412 [Info] User sets amplitude to 26.
00:01:40.0705666 [Info] User sets amplitude to 25.6.
00:01:40.0861361 [Info] User sets amplitude to 25.5.
00:01:40.1034835 [Info] User sets amplitude to 25.4.
00:01:40.1200318 [Info] User sets amplitude to 25.3.
00:01:40.1514100 [Info] User sets amplitude to 25.1.
00:01:40.1699539 [Info] User sets amplitude to 25.
00:01:40.2354228 [Info] User sets amplitude to 24.9.
00:01:40.3350080 [Info] User sets amplitude to 24.8.
00:01:40.3533974 [Info] User sets amplitude to 24.7.
00:01:40.3718950 [Info] User sets amplitude to 24.4.
00:01:40.3862019 [Info] User sets amplitude to 24.2.
00:01:40.4057832 [Info] User sets amplitude to 24.1.
00:01:40.4204448 [Info] User sets amplitude to 23.8.
00:01:40.4358739 [Info] User sets amplitude to 23.7.
00:01:40.4542339 [Info] User sets amplitude to 23.6.
00:01:40.4780970 [Info] User sets amplitude to 23.3.
00:01:40.4859872 [Info] User sets amplitude to 23.1.
00:01:40.5036017 [Info] User sets amplitude to 22.6.
00:01:40.5196024 [Info] User sets amplitude to 21.4.
00:01:40.5363065 [Info] User sets amplitude to 21.
00:01:40.5539494 [Info] User sets amplitude to 20.2.
00:01:40.5708223 [Info] User sets amplitude to 19.2.
00:01:40.5854133 [Info] User sets amplitude to 18.9.
00:01:40.6035750 [Info] User sets amplitude to 18.5.
00:01:40.6209855 [Info] User sets amplitude to 18.
00:01:40.6380160 [Info] User sets amplitude to 17.
00:01:40.6533173 [Info] User sets amplitude to 16.4.
00:01:40.6700315 [Info] User sets amplitude to 15.7.
00:01:40.6859571 [Info] User sets amplitude to 15.3.
00:01:40.7040760 [Info] User sets amplitude to 14.9.
00:01:40.7229294 [Info] User sets amplitude to 14.7.
00:01:40.7365417 [Info] User sets amplitude to 14.5.
00:01:40.7602642 [Info] User sets amplitude to 14.2.
00:01:40.7701694 [Info] User sets amplitude to 14.
00:01:40.7877019 [Info] User sets amplitude to 13.5.
00:01:40.8132945 [Info] User sets amplitude to 12.9.
00:01:40.8218715 [Info] User sets amplitude to 12.4.
00:01:40.8433103 [Info] User sets amplitude to 11.5.
00:01:40.8555731 [Info] User sets amplitude to 11.2.
00:01:40.8723960 [Info] User sets amplitude to 10.8.
00:01:40.8862995 [Info] User sets amplitude to 10.6.
00:01:40.9182388 [Info] User sets amplitude to 10.3.
00:01:40.9402513 [Info] User sets amplitude to 10.1.
00:01:40.9537185 [Info] User sets amplitude to 10.
00:01:40.9691855 [Info] User sets amplitude to 9.8.
00:01:40.9862133 [Info] User sets amplitude to 9.7.
00:01:41.0184325 [Info] User sets amplitude to 9.6.
00:01:41.0418143 [Info] User sets amplitude to 9.5.
00:01:41.0553870 [Info] User sets amplitude to 9.3.
00:01:41.1038911 [Info] User sets amplitude to 9.2.
00:01:41.1359411 [Info] User sets amplitude to 9.1.
00:01:41.1530644 [Info] User sets amplitude to 8.9.
00:01:41.1699661 [Info] User sets amplitude to 8.3.
00:01:41.1855944 [Info] User sets amplitude to 8.
00:01:41.2050388 [Info] User sets amplitude to 7.5.
00:01:41.2209316 [Info] User sets amplitude to 7.3.
00:01:41.2361052 [Info] User sets amplitude to 7.2.
00:01:41.2529210 [Info] User sets amplitude to 7.
00:01:41.2708928 [Info] User sets amplitude to 6.9.
00:01:41.3054828 [Info] User sets amplitude to 6.7.
00:01:41.3211455 [Info] User sets amplitude to 6.4.
00:01:41.3529655 [Info] User sets amplitude to 6.3.
00:01:41.3706575 [Info] User sets amplitude to 6.1.
00:01:41.3915348 [Info] User sets amplitude to 5.7.
00:01:41.4027621 [Info] User sets amplitude to 5.6.
00:01:41.4351247 [Info] User sets amplitude to 5.5.
00:01:41.4676256 [Info] User sets amplitude to 5.3.
00:01:41.4690360 [Info] User sets amplitude to 5.1.
00:01:41.4887773 [Info] User sets amplitude to 4.9.
00:01:41.5197260 [Info] User sets amplitude to 4.6.
00:01:41.5370130 [Info] User sets amplitude to 4.4.
00:01:41.5534948 [Info] User sets amplitude to 4.1.
00:01:41.6035138 [Info] User sets amplitude to 4.
00:01:44.3682856 [Info] User sets amplitude to 5.
00:01:44.3882495 [Info] User sets amplitude to 5.5.
00:01:44.4055631 [Info] User sets amplitude to 5.6.
00:01:44.4191171 [Info] User sets amplitude to 5.8.
00:01:44.4370609 [Info] User sets amplitude to 6.1.
00:01:44.4532446 [Info] User sets amplitude to 6.4.
00:01:44.4716288 [Info] User sets amplitude to 6.7.
00:01:44.4873416 [Info] User sets amplitude to 7.
00:01:44.5035176 [Info] User sets amplitude to 7.3.
00:01:44.5204753 [Info] User sets amplitude to 7.8.
00:01:44.5401172 [Info] User sets amplitude to 8.4.
00:01:44.5533163 [Info] User sets amplitude to 9.1.
00:01:44.5722530 [Info] User sets amplitude to 9.6.
00:01:44.5872857 [Info] User sets amplitude to 10.2.
00:01:44.6033353 [Info] User sets amplitude to 10.6.
00:01:44.6190277 [Info] User sets amplitude to 10.7.
00:01:44.6372238 [Info] User sets amplitude to 11.
00:01:44.6548081 [Info] User sets amplitude to 11.3.
00:01:44.6692516 [Info] User sets amplitude to 11.4.
00:01:44.6899431 [Info] User sets amplitude to 11.7.
00:01:44.7037228 [Info] User sets amplitude to 12.1.
00:01:44.7190956 [Info] User sets amplitude to 12.3.
00:01:44.7377596 [Info] User sets amplitude to 12.8.
00:01:44.7536054 [Info] User sets amplitude to 12.9.
00:01:44.7700931 [Info] User sets amplitude to 13.
00:01:44.7878478 [Info] User sets amplitude to 13.2.
00:01:44.8020918 [Info] User sets amplitude to 13.4.
00:01:44.8193028 [Info] User sets amplitude to 13.6.
00:01:44.8352311 [Info] User sets amplitude to 13.7.
00:01:44.8527912 [Info] User sets amplitude to 14.
00:01:44.8742327 [Info] User sets amplitude to 14.1.
00:01:44.9044127 [Info] User sets amplitude to 14.2.
00:01:44.9223793 [Info] User sets amplitude to 14.3.
00:01:45.0886691 [Info] User sets amplitude to 14.2.
00:01:45.1031494 [Info] User sets amplitude to 14.
00:01:45.1190321 [Info] User sets amplitude to 13.5.
00:01:45.1356379 [Info] User sets amplitude to 12.6.
00:01:45.1538368 [Info] User sets amplitude to 11.7.
00:01:45.1696185 [Info] User sets amplitude to 11.
00:01:45.1861040 [Info] User sets amplitude to 10.6.
00:01:45.2035411 [Info] User sets amplitude to 10.
00:01:45.2189931 [Info] User sets amplitude to 9.7.
00:01:45.2393632 [Info] User sets amplitude to 9.6.
00:01:45.2532812 [Info] User sets amplitude to 9.3.
00:01:45.2698679 [Info] User sets amplitude to 9.1.
00:01:45.2874396 [Info] User sets amplitude to 8.7.
00:01:45.3051867 [Info] User sets amplitude to 8.6.
00:01:45.3201341 [Info] User sets amplitude to 8.5.
00:01:45.3367068 [Info] User sets amplitude to 8.4.
00:01:45.3545462 [Info] User sets amplitude to 8.
00:01:45.3698187 [Info] User sets amplitude to 7.9.
00:01:45.4211292 [Info] User sets amplitude to 7.6.
00:01:45.4532776 [Info] User sets amplitude to 7.5.
00:01:45.4704189 [Info] User sets amplitude to 7.4.
00:01:45.4884108 [Info] User sets amplitude to 7.3.
00:01:45.5198946 [Info] User sets amplitude to 7.
00:01:45.5390035 [Info] User sets amplitude to 6.9.
00:01:45.5538560 [Info] User sets amplitude to 6.4.
00:01:45.5694759 [Info] User sets amplitude to 6.3.
00:01:45.5930704 [Info] User sets amplitude to 5.9.
00:01:45.6080714 [Info] User sets amplitude to 5.5.
00:01:45.6280393 [Info] User sets amplitude to 5.3.
00:01:45.6353782 [Info] User sets amplitude to 5.2.
00:01:45.6538718 [Info] User sets amplitude to 4.9.
00:01:45.6697392 [Info] User sets amplitude to 4.6.
00:01:45.6865597 [Info] User sets amplitude to 4.5.
00:01:45.7037700 [Info] User sets amplitude to 4.2.
00:01:45.7231920 [Info] User sets amplitude to 4.1.
00:01:45.7360785 [Info] User sets amplitude to 3.9.
00:01:45.7533897 [Info] User sets amplitude to 3.8.
00:01:45.7694446 [Info] User sets amplitude to 3.6.
00:01:45.7865408 [Info] User sets amplitude to 3.4.
00:01:45.8103096 [Info] User sets amplitude to 3.3.
00:01:45.8192453 [Info] User sets amplitude to 3.
00:01:45.8697769 [Info] User sets amplitude to 2.9.
00:01:45.8862871 [Info] User sets amplitude to 2.8.
00:01:45.9064306 [Info] User sets amplitude to 2.7.
00:01:45.9350938 [Info] User sets amplitude to 2.5.
00:01:45.9591673 [Info] User sets amplitude to 2.4.
00:01:45.9887039 [Info] User sets amplitude to 2.3.
00:01:46.0056891 [Info] User sets amplitude to 2.2.
00:01:48.1527900 [Info] User 0 sets frequency to 0.6.
00:01:48.2352328 [Info] User 0 sets frequency to 0.5.
00:01:49.5187001 [Info] User 0 sets frequency to 0.6.
00:01:49.6028204 [Info] User 0 sets frequency to 0.7.
00:01:51.4356180 [Info] User 0 sets frequency to 0.6.
00:01:58.6687221 [Info] User sets amplitude to 2.8.
00:01:58.6862673 [Info] User sets amplitude to 3.3.
00:01:58.7049887 [Info] User sets amplitude to 3.5.
00:01:58.7199421 [Info] User sets amplitude to 3.8.
00:01:58.7361730 [Info] User sets amplitude to 4.
00:01:58.7570197 [Info] User sets amplitude to 4.1.
00:01:58.7859418 [Info] User sets amplitude to 4.2.
00:01:58.8040955 [Info] User sets amplitude to 4.4.
00:01:58.8699954 [Info] User sets amplitude to 4.5.
00:01:58.9209362 [Info] User sets amplitude to 4.6.
00:01:58.9364723 [Info] User sets amplitude to 4.7.
00:01:58.9529145 [Info] User sets amplitude to 5.
00:01:58.9697722 [Info] User sets amplitude to 5.2.
00:01:58.9866607 [Info] User sets amplitude to 5.6.
00:01:59.0038386 [Info] User sets amplitude to 5.8.
00:01:59.0198048 [Info] User sets amplitude to 5.9.
00:01:59.0363253 [Info] User sets amplitude to 6.2.
00:01:59.0543267 [Info] User sets amplitude to 6.3.
00:01:59.0706505 [Info] User sets amplitude to 6.6.
00:01:59.0880480 [Info] User sets amplitude to 6.7.
00:01:59.1052658 [Info] User sets amplitude to 6.9.
00:01:59.1267553 [Info] User sets amplitude to 7.
00:01:59.1365753 [Info] User sets amplitude to 7.2.
00:01:59.1551342 [Info] User sets amplitude to 7.3.
00:01:59.3615075 [Info] User sets amplitude to 7.4.
00:01:59.3806891 [Info] User sets amplitude to 7.6.
00:01:59.3860756 [Info] User sets amplitude to 8.5.
00:01:59.4032975 [Info] User sets amplitude to 10.3.
00:01:59.4205649 [Info] User sets amplitude to 14.
00:01:59.4365834 [Info] User sets amplitude to 17.6.
00:01:59.4548778 [Info] User sets amplitude to 20.5.
00:01:59.4723350 [Info] User sets amplitude to 24.1.
00:01:59.4866325 [Info] User sets amplitude to 25.1.
00:01:59.5037201 [Info] User sets amplitude to 25.9.
00:01:59.5406455 [Info] User sets amplitude to 26.5.
00:01:59.5409186 [Info] User sets amplitude to 26.7.
00:01:59.5548058 [Info] User sets amplitude to 26.9.
00:01:59.5704574 [Info] User sets amplitude to 27.
00:01:59.5861907 [Info] User sets amplitude to 27.1.
00:01:59.6020840 [Info] User sets amplitude to 27.2.
00:01:59.6518179 [Info] User sets amplitude to 27.3.
00:02:00.0014283 [Info] User sets amplitude to 27.2.
00:02:40.4814077 [Info] User sets offset to 96.
00:02:51.5662480 [Info] User 2 sets frequency to 0.2.
00:02:51.9000190 [Info] User 2 sets frequency to 0.1.
00:02:51.9178526 [Info] User 2 sets frequency to 0.
00:03:45.5448825 [Info] User 0 sets frequency to 0.3.
00:03:48.9297867 [Info] User 0 sets frequency to 0.5.
00:04:03.6079443 [Info] User sets amplitude to 27.7.
00:04:03.8704670 [Info] User sets amplitude to 26.7.
00:04:03.8880451 [Info] User sets amplitude to 24.7.
00:04:03.9042290 [Info] User sets amplitude to 22.2.
00:04:03.9255259 [Info] User sets amplitude to 21.3.
00:04:03.9378417 [Info] User sets amplitude to 20.4.
00:04:03.9556884 [Info] User sets amplitude to 19.8.
00:04:03.9746134 [Info] User sets amplitude to 19.2.
00:04:03.9902819 [Info] User sets amplitude to 18.6.
00:04:04.0040242 [Info] User sets amplitude to 18.5.
00:04:04.0212593 [Info] User sets amplitude to 18.2.
00:04:04.0384958 [Info] User sets amplitude to 17.9.
00:04:04.0685992 [Info] User sets amplitude to 17.4.
00:04:04.0891487 [Info] User sets amplitude to 16.9.
00:04:04.1049339 [Info] User sets amplitude to 16.5.
00:04:04.1205306 [Info] User sets amplitude to 16.3.
00:04:04.1395556 [Info] User sets amplitude to 15.9.
00:04:04.1557239 [Info] User sets amplitude to 15.4.
00:04:04.1735561 [Info] User sets amplitude to 15.1.
00:04:04.1876458 [Info] User sets amplitude to 14.8.
00:04:04.2034666 [Info] User sets amplitude to 14.2.
00:04:04.2192061 [Info] User sets amplitude to 13.8.
00:04:04.2369047 [Info] User sets amplitude to 13.6.
00:04:04.2586290 [Info] User sets amplitude to 13.4.
00:04:04.2769515 [Info] User sets amplitude to 13.1.
00:04:04.2867547 [Info] User sets amplitude to 13.
00:04:04.3052724 [Info] User sets amplitude to 12.9.
00:04:04.3207126 [Info] User sets amplitude to 12.8.
00:04:04.3556521 [Info] User sets amplitude to 12.6.
00:04:04.4375078 [Info] User sets amplitude to 12.5.
00:04:06.5691888 [Info] User 0 sets frequency to 0.4.
00:04:06.5881684 [Info] User 0 sets frequency to 0.3.
00:04:06.6077342 [Info] User 0 sets frequency to 0.2.
00:04:06.6193521 [Info] User 0 sets frequency to 0.1.
00:04:06.6530244 [Info] User 0 sets frequency to 0.
00:04:44.4040051 [Info] User 0 sets frequency to 0.1.
00:04:44.5864855 [Info] User 0 sets frequency to 0.2.
00:04:46.0114324 [Info] User 0 sets frequency to 0.3.
00:04:46.1444403 [Info] User 0 sets frequency to 0.4.
00:04:46.2705466 [Info] User 0 sets frequency to 0.5.
00:04:50.0201545 [Info] User 0 sets frequency to 0.6.
00:04:50.3356757 [Info] User 0 sets frequency to 0.7.
00:04:50.5361681 [Info] User 0 sets frequency to 0.8.
00:04:50.9697701 [Info] User 0 sets frequency to 0.9.
00:04:51.4539753 [Info] User 0 sets frequency to 1.
00:04:54.1048195 [Info] User sets amplitude to 30.
00:04:57.9887731 [Info] User 2 sets frequency to 0.6.
00:05:02.7616128 [Info] User 0 sets frequency to 0.3.
00:05:04.2894359 [Info] User 0 sets frequency to 0.1.
00:05:36.7203841 [Info] User 0 sets frequency to 0.
00:05:41.8695623 [Info] User sets amplitude to 29.
00:05:41.8918859 [Info] User sets amplitude to 27.1.
00:05:41.9075651 [Info] User sets amplitude to 24.8.
00:05:41.9228630 [Info] User sets amplitude to 24.3.
00:05:41.9396852 [Info] User sets amplitude to 23.7.
00:05:41.9622686 [Info] User sets amplitude to 23.1.
00:05:41.9723479 [Info] User sets amplitude to 22.8.
00:05:41.9929331 [Info] User sets amplitude to 22.5.
00:05:42.0053116 [Info] User sets amplitude to 21.9.
00:05:42.0232043 [Info] User sets amplitude to 21.3.
00:05:42.0403908 [Info] User sets amplitude to 20.7.
00:05:42.0693814 [Info] User sets amplitude to 20.2.
00:05:42.0888794 [Info] User sets amplitude to 19.9.
00:05:42.1044240 [Info] User sets amplitude to 19.8.
00:05:42.1369113 [Info] User sets amplitude to 19.7.
00:05:42.1554918 [Info] User sets amplitude to 19.6.
00:05:42.7698538 [Info] User sets amplitude to 16.9.
00:05:42.7888578 [Info] User sets amplitude to 15.5.
00:05:42.8067919 [Info] User sets amplitude to 13.8.
00:05:42.8244269 [Info] User sets amplitude to 13.2.
00:05:42.8378287 [Info] User sets amplitude to 12.8.
00:05:42.8552661 [Info] User sets amplitude to 12.1.
00:05:42.8732716 [Info] User sets amplitude to 11.5.
00:05:42.8877614 [Info] User sets amplitude to 10.8.
00:05:42.9089014 [Info] User sets amplitude to 10.
00:05:42.9239798 [Info] User sets amplitude to 9.3.
00:05:42.9385393 [Info] User sets amplitude to 8.9.
00:05:42.9547038 [Info] User sets amplitude to 8.5.
00:05:42.9730986 [Info] User sets amplitude to 8.1.
00:05:42.9890074 [Info] User sets amplitude to 8.
00:05:43.0057485 [Info] User sets amplitude to 7.4.
00:05:43.0371760 [Info] User sets amplitude to 6.9.
00:05:43.0631351 [Info] User sets amplitude to 6.3.
00:05:43.0984321 [Info] User sets amplitude to 6.1.
00:05:43.0986784 [Info] User sets amplitude to 5.7.
00:05:43.1074647 [Info] User sets amplitude to 5.2.
00:05:43.1222306 [Info] User sets amplitude to 4.7.
00:05:43.1396692 [Info] User sets amplitude to 4.6.
00:05:43.1804115 [Info] User sets amplitude to 4.1.
00:05:43.1807081 [Info] User sets amplitude to 4.
00:05:43.1895698 [Info] User sets amplitude to 3.8.
00:05:43.2050791 [Info] User sets amplitude to 3.5.
00:05:43.2218273 [Info] User sets amplitude to 3.3.
00:05:43.2710677 [Info] User sets amplitude to 3.1.
00:05:43.2880116 [Info] User sets amplitude to 3.
00:05:55.7439116 [Info] User 2 sets frequency to 0.1.
00:05:55.8199851 [Info] User sets amplitude to 3.5.
00:05:55.8380973 [Info] User sets amplitude to 3.8.
00:05:55.8535847 [Info] User sets amplitude to 4.1.
00:05:55.8760112 [Info] User sets amplitude to 4.6.
00:05:55.8877918 [Info] User sets amplitude to 5.3.
00:05:55.9072204 [Info] User sets amplitude to 6.2.
00:05:55.9221745 [Info] User sets amplitude to 7.2.
00:05:55.9383937 [Info] User sets amplitude to 7.4.
00:05:55.9553283 [Info] User sets amplitude to 8.3.
00:05:55.9727577 [Info] User sets amplitude to 8.6.
00:05:55.9883015 [Info] User sets amplitude to 8.9.
00:05:56.0061729 [Info] User sets amplitude to 9.1.
00:05:56.0246786 [Info] User sets amplitude to 9.3.
00:05:56.0396686 [Info] User sets amplitude to 9.6.
00:05:56.0881755 [Info] User sets amplitude to 9.7.
00:05:56.1041352 [Info] User sets amplitude to 9.8.
00:05:56.1203938 [Info] User sets amplitude to 10.
00:05:56.1702509 [Info] User sets amplitude to 10.1.
00:05:56.1885058 [Info] User sets amplitude to 10.3.
00:05:56.2041754 [Info] User sets amplitude to 10.4.
00:05:56.2208885 [Info] User sets amplitude to 10.9.
00:05:56.2391547 [Info] User sets amplitude to 11.5.
00:05:56.2537369 [Info] User sets amplitude to 12.6.
00:05:56.2729516 [Info] User sets amplitude to 13.7.
00:05:56.2884712 [Info] User sets amplitude to 14.7.
00:05:56.3068689 [Info] User sets amplitude to 15.4.
00:05:56.3247358 [Info] User sets amplitude to 16.4.
00:05:56.3372924 [Info] User sets amplitude to 17.1.
00:05:56.3549944 [Info] User sets amplitude to 18.
00:05:56.3738368 [Info] User sets amplitude to 19.1.
00:05:56.3925857 [Info] User sets amplitude to 19.7.
00:05:56.4050480 [Info] User sets amplitude to 21.
00:05:56.4209350 [Info] User sets amplitude to 21.9.
00:05:56.4377020 [Info] User sets amplitude to 22.5.
00:05:56.4826921 [Info] User sets amplitude to 23.2.
00:05:56.4867168 [Info] User sets amplitude to 23.3.
00:05:56.5224115 [Info] User sets amplitude to 23.6.
00:05:56.5227003 [Info] User sets amplitude to 23.8.
00:05:56.5378453 [Info] User sets amplitude to 23.9.
00:05:56.5574612 [Info] User sets amplitude to 24.2.
00:05:56.5732653 [Info] User sets amplitude to 24.5.
00:05:56.5874482 [Info] User sets amplitude to 24.7.
00:05:56.6101555 [Info] User sets amplitude to 25.
00:05:56.6243708 [Info] User sets amplitude to 25.4.
00:05:56.6389409 [Info] User sets amplitude to 25.9.
00:05:56.6543924 [Info] User sets amplitude to 26.4.
00:05:56.6728606 [Info] User sets amplitude to 27.1.
00:05:56.6883687 [Info] User sets amplitude to 28.8.
00:05:56.7055920 [Info] User sets amplitude to 29.4.
00:05:56.7206281 [Info] User sets amplitude to 30.
00:05:56.7387455 [Info] User sets amplitude to 30.5.
00:05:56.7578575 [Info] User sets amplitude to 31.
00:05:56.7705553 [Info] User sets amplitude to 31.2.
00:05:56.7875214 [Info] User sets amplitude to 32.1.
00:05:56.8033099 [Info] User sets amplitude to 33.2.
00:05:56.8208578 [Info] User sets amplitude to 34.
00:05:56.8427728 [Info] User sets amplitude to 35.1.
00:05:56.8597996 [Info] User sets amplitude to 36.1.
00:05:56.8706951 [Info] User sets amplitude to 37.2.
00:05:56.8880342 [Info] User sets amplitude to 38.2.
00:05:56.9059081 [Info] User sets amplitude to 39.7.
00:05:56.9248582 [Info] User sets amplitude to 41.6.
00:05:56.9381718 [Info] User sets amplitude to 44.2.
00:05:56.9551691 [Info] User sets amplitude to 47.6.
00:05:56.9711133 [Info] User sets amplitude to 49.1.
00:05:56.9874909 [Info] User sets amplitude to 51.8.
00:05:57.0046129 [Info] User sets amplitude to 55.
00:05:57.0207471 [Info] User sets amplitude to 56.8.
00:05:57.0383651 [Info] User sets amplitude to 58.
00:05:57.0543505 [Info] User sets amplitude to 58.7.
00:05:57.0727056 [Info] User sets amplitude to 59.2.
00:05:57.0878743 [Info] User sets amplitude to 59.7.
00:05:57.1050408 [Info] User sets amplitude to 60.3.
00:05:57.1210956 [Info] User sets amplitude to 60.6.
00:05:57.1403059 [Info] User sets amplitude to 60.9.
00:05:57.1546598 [Info] User sets amplitude to 62.1.
00:05:57.1707668 [Info] User sets amplitude to 62.7.
00:05:57.1885495 [Info] User sets amplitude to 63.8.
00:05:57.2051696 [Info] User sets amplitude to 65.9.
00:05:57.2230646 [Info] User sets amplitude to 67.7.
00:05:57.2386731 [Info] User sets amplitude to 69.9.
00:05:57.2546438 [Info] User sets amplitude to 72.4.
00:05:57.2706221 [Info] User sets amplitude to 73.5.
00:05:57.2910858 [Info] User sets amplitude to 74.6.
00:05:57.3121373 [Info] User sets amplitude to 77.5.
00:05:57.3220468 [Info] User sets amplitude to 79.8.
00:05:57.3409482 [Info] User sets amplitude to 82.3.
00:05:57.3559477 [Info] User sets amplitude to 84.1.
00:05:57.3694848 [Info] User sets amplitude to 84.8.
00:05:57.3884178 [Info] User sets amplitude to 85.3.
00:05:57.4131146 [Info] User sets amplitude to 85.8.
00:05:57.7098237 [Info] User 2 sets frequency to 0.2.
00:05:58.3168380 [Info] User 2 sets frequency to 0.3.
00:05:58.4364839 [Info] User sets amplitude to 86.4.
00:05:58.4560322 [Info] User sets amplitude to 87.3.
00:05:58.4725417 [Info] User sets amplitude to 87.7.
00:05:58.4882199 [Info] User sets amplitude to 88.4.
00:05:58.5120558 [Info] User sets amplitude to 88.8.
00:05:58.5225324 [Info] User sets amplitude to 89.3.
00:05:58.5372218 [Info] User sets amplitude to 90.
00:06:00.8699326 [Info] User sets amplitude to 89.6.
00:06:00.8888810 [Info] User sets amplitude to 88.7.
00:06:00.9040603 [Info] User sets amplitude to 88.4.
00:06:00.9215327 [Info] User sets amplitude to 88.1.
00:06:00.9382507 [Info] User sets amplitude to 88.
00:06:00.9556880 [Info] User sets amplitude to 87.9.
00:06:00.9724422 [Info] User sets amplitude to 87.4.
00:06:00.9886714 [Info] User sets amplitude to 87.1.
00:06:01.0043196 [Info] User sets amplitude to 86.7.
00:06:01.0225029 [Info] User sets amplitude to 86.
00:06:01.0386034 [Info] User sets amplitude to 85.6.
00:06:01.0556552 [Info] User sets amplitude to 84.7.
00:06:01.0718607 [Info] User sets amplitude to 84.2.
00:06:01.0890570 [Info] User sets amplitude to 83.7.
00:06:01.1085767 [Info] User sets amplitude to 83.2.
00:06:01.1251383 [Info] User sets amplitude to 82.9.
00:06:01.1382940 [Info] User sets amplitude to 82.4.
00:06:01.1547021 [Info] User sets amplitude to 81.8.
00:06:01.1719059 [Info] User sets amplitude to 81.3.
00:06:01.1890840 [Info] User sets amplitude to 80.6.
00:06:01.2042865 [Info] User sets amplitude to 80.2.
00:06:01.2230178 [Info] User sets amplitude to 79.6.
00:06:01.2426492 [Info] User sets amplitude to 79.4.
00:06:01.2574174 [Info] User sets amplitude to 79.
00:06:01.2725047 [Info] User sets amplitude to 78.8.
00:06:01.2879979 [Info] User sets amplitude to 78.6.
00:06:01.3077091 [Info] User sets amplitude to 78.5.
00:06:01.3362744 [Info] User sets amplitude to 78.4.
00:06:02.8579621 [Info] User sets amplitude to 78.9.
00:06:02.8725151 [Info] User sets amplitude to 81.2.
00:06:02.8872802 [Info] User sets amplitude to 83.
00:06:02.9068934 [Info] User sets amplitude to 84.5.
00:06:02.9226418 [Info] User sets amplitude to 85.6.
00:06:02.9385588 [Info] User sets amplitude to 86.7.
00:06:02.9628644 [Info] User sets amplitude to 88.1.
00:06:02.9733656 [Info] User sets amplitude to 89.1.
00:06:02.9875783 [Info] User sets amplitude to 90.
00:06:05.2390169 [Info] User sets amplitude to 87.6.
00:06:05.2539108 [Info] User sets amplitude to 85.9.
00:06:05.2723257 [Info] User sets amplitude to 84.8.
00:06:05.2877034 [Info] User sets amplitude to 83.
00:06:05.3045257 [Info] User sets amplitude to 81.2.
00:06:05.3236889 [Info] User sets amplitude to 80.1.
00:06:05.3400896 [Info] User sets amplitude to 78.4.
00:06:05.3547895 [Info] User sets amplitude to 77.
00:06:05.3724221 [Info] User sets amplitude to 75.
00:06:05.3885601 [Info] User sets amplitude to 72.8.
00:06:05.4155470 [Info] User sets amplitude to 71.7.
00:06:05.4319645 [Info] User sets amplitude to 70.7.
00:06:05.4405299 [Info] User sets amplitude to 69.6.
00:06:05.4544172 [Info] User sets amplitude to 69.4.
00:06:05.4753016 [Info] User sets amplitude to 69.
00:06:05.4884115 [Info] User sets amplitude to 68.8.
00:06:05.5036725 [Info] User sets amplitude to 68.5.
00:06:05.5235043 [Info] User sets amplitude to 68.4.
00:06:05.5394427 [Info] User sets amplitude to 68.3.
00:06:05.5553938 [Info] User sets amplitude to 67.7.
00:06:05.5705188 [Info] User sets amplitude to 66.1.
00:06:05.5883640 [Info] User sets amplitude to 59.9.
00:06:05.6060039 [Info] User sets amplitude to 49.9.
00:06:05.6212159 [Info] User sets amplitude to 43.4.
00:06:05.6390691 [Info] User sets amplitude to 36.2.
00:06:05.6548438 [Info] User sets amplitude to 32.6.
00:06:05.6741243 [Info] User sets amplitude to 28.9.
00:06:05.6887464 [Info] User sets amplitude to 24.8.
00:06:05.7039474 [Info] User sets amplitude to 18.7.
00:06:05.7205793 [Info] User sets amplitude to 15.3.
00:06:05.7384323 [Info] User sets amplitude to 12.8.
00:06:05.7577186 [Info] User sets amplitude to 9.5.
00:06:05.7711599 [Info] User sets amplitude to 7.8.
00:06:05.7898644 [Info] User sets amplitude to 5.5.
00:06:05.8055355 [Info] User sets amplitude to 5.
00:06:05.8201101 [Info] User sets amplitude to 3.6.
00:06:05.8424196 [Info] User sets amplitude to 2.9.
00:06:05.8580561 [Info] User sets amplitude to 2.7.
00:06:05.8861698 [Info] User sets amplitude to 2.5.
00:06:06.3206843 [Info] User sets amplitude to 2.1.
00:06:06.3389750 [Info] User sets amplitude to 1.4.
00:06:06.3565487 [Info] User sets amplitude to 0.1.
00:06:06.3702487 [Info] User sets amplitude to 0.
00:06:07.7052624 [Info] User sets amplitude to 0.1.
00:06:07.7237309 [Info] User sets amplitude to 0.2.
00:06:07.7370140 [Info] User sets amplitude to 0.4.
00:06:07.8207949 [Info] User sets amplitude to 0.5.
00:06:07.8385672 [Info] User sets amplitude to 0.6.
00:06:07.8536442 [Info] User sets amplitude to 0.7.
00:06:07.8717192 [Info] User sets amplitude to 1.
00:06:07.8883366 [Info] User sets amplitude to 1.1.
00:06:07.9209808 [Info] User sets amplitude to 1.3.
00:06:11.6208976 [Info] User sets offset to 97.
00:06:11.6395822 [Info] User sets offset to 94.
00:06:11.6564899 [Info] User sets offset to 92.
00:06:11.6715100 [Info] User sets offset to 91.
00:06:11.6899134 [Info] User sets offset to 89.
00:06:11.7057480 [Info] User sets offset to 88.
00:06:11.7212864 [Info] User sets offset to 87.
00:06:11.7383431 [Info] User sets offset to 86.
00:06:11.7567530 [Info] User sets offset to 85.
00:06:11.8368349 [Info] User sets offset to 84.
00:06:11.8698061 [Info] User sets offset to 83.
00:06:11.8893736 [Info] User sets offset to 81.
00:06:11.9072768 [Info] User sets offset to 80.
00:06:11.9274050 [Info] User sets offset to 78.
00:06:11.9570609 [Info] User sets offset to 77.
00:06:11.9724836 [Info] User sets offset to 76.
00:06:12.2046849 [Info] User sets offset to 75.
00:06:12.2206835 [Info] User sets offset to 74.
00:06:12.2431916 [Info] User sets offset to 73.
00:06:12.2549877 [Info] User sets offset to 71.
00:06:12.2709630 [Info] User sets offset to 70.
00:06:12.4397550 [Info] User sets offset to 69.
00:06:12.4400819 [Info] User sets offset to 68.
00:06:12.4582568 [Info] User sets offset to 66.
00:06:12.4724818 [Info] User sets offset to 65.
00:06:12.5361805 [Info] User sets offset to 64.
00:06:12.6724760 [Info] User sets offset to 63.
00:06:12.6891422 [Info] User sets offset to 61.
00:06:12.7196209 [Info] User sets offset to 60.
00:06:12.8230775 [Info] User sets offset to 59.
00:06:12.9551813 [Info] User sets offset to 58.
00:06:12.9888333 [Info] User sets offset to 57.
00:06:13.0051711 [Info] User sets offset to 56.
00:06:13.0866270 [Info] User sets offset to 55.
00:06:13.1237871 [Info] User sets offset to 54.
00:06:13.1377581 [Info] User sets offset to 53.
00:06:13.1554264 [Info] User sets offset to 52.
00:06:13.1869922 [Info] User sets offset to 51.
00:06:13.2373872 [Info] User sets offset to 50.
00:06:13.2578981 [Info] User sets offset to 49.
00:06:13.2865581 [Info] User sets offset to 48.
00:06:13.3544113 [Info] User sets offset to 47.
00:06:13.3862851 [Info] User sets offset to 46.
00:06:13.4046818 [Info] User sets offset to 45.
00:06:13.4222538 [Info] User sets offset to 43.
00:06:13.4582379 [Info] User sets offset to 42.
00:06:13.4714539 [Info] User sets offset to 41.
00:06:13.4914857 [Info] User sets offset to 40.
00:06:13.5055999 [Info] User sets offset to 39.
00:06:13.5213908 [Info] User sets offset to 38.
00:06:13.5388246 [Info] User sets offset to 37.
00:06:13.5872156 [Info] User sets offset to 36.
00:06:13.6228187 [Info] User sets offset to 35.
00:06:13.7034191 [Info] User sets offset to 34.
00:06:13.7217837 [Info] User sets offset to 33.
00:06:13.7526695 [Info] User sets offset to 32.
00:06:13.8061967 [Info] User sets offset to 31.
00:06:13.8539949 [Info] User sets offset to 30.
00:06:14.0358656 [Info] User sets offset to 29.
00:06:14.0855422 [Info] User sets offset to 28.
00:06:14.1560155 [Info] User sets offset to 27.
00:06:18.6534785 [Info] User sets amplitude to 1.1.
00:06:18.6738372 [Info] User sets amplitude to 2.3.
00:06:18.6882880 [Info] User sets amplitude to 2.9.
00:06:18.7047857 [Info] User sets amplitude to 3.6.
00:06:18.7243307 [Info] User sets amplitude to 4.9.
00:06:18.7386000 [Info] User sets amplitude to 5.2.
00:06:18.7546017 [Info] User sets amplitude to 6.4.
00:06:18.7724231 [Info] User sets amplitude to 7.2.
00:06:18.7886948 [Info] User sets amplitude to 7.4.
00:06:18.8044792 [Info] User sets amplitude to 7.5.
00:06:18.8225098 [Info] User sets amplitude to 8.
00:06:18.8451086 [Info] User sets amplitude to 8.1.
00:06:18.8543533 [Info] User sets amplitude to 8.4.
00:06:18.8730416 [Info] User sets amplitude to 8.7.
00:06:18.8899589 [Info] User sets amplitude to 9.1.
00:06:18.9058888 [Info] User sets amplitude to 9.2.
00:06:18.9229058 [Info] User sets amplitude to 9.6.
00:06:18.9419916 [Info] User sets amplitude to 10.
00:06:18.9552937 [Info] User sets amplitude to 10.2.
00:06:18.9744362 [Info] User sets amplitude to 10.6.
00:06:18.9895207 [Info] User sets amplitude to 10.9.
00:06:19.0054074 [Info] User sets amplitude to 11.2.
00:06:19.0241771 [Info] User sets amplitude to 11.5.
00:06:19.0413106 [Info] User sets amplitude to 11.8.
00:06:19.0539007 [Info] User sets amplitude to 12.
00:06:19.0814054 [Info] User sets amplitude to 12.3.
00:06:19.0871837 [Info] User sets amplitude to 12.6.
00:06:19.1058500 [Info] User sets amplitude to 13.
00:06:19.1246244 [Info] User sets amplitude to 13.2.
00:06:19.1386533 [Info] User sets amplitude to 13.8.
00:06:19.1562691 [Info] User sets amplitude to 14.1.
00:06:19.1786303 [Info] User sets amplitude to 14.3.
00:06:19.1936692 [Info] User sets amplitude to 14.9.
00:06:19.2081434 [Info] User sets amplitude to 15.8.
00:06:19.2244372 [Info] User sets amplitude to 16.6.
00:06:19.2386767 [Info] User sets amplitude to 17.
00:06:19.2652169 [Info] User sets amplitude to 18.
00:06:19.2701997 [Info] User sets amplitude to 18.5.
00:06:19.2891073 [Info] User sets amplitude to 18.9.
00:06:19.3067094 [Info] User sets amplitude to 19.2.
00:06:19.3230760 [Info] User sets amplitude to 19.4.
00:06:19.3385109 [Info] User sets amplitude to 19.8.
00:06:19.3571477 [Info] User sets amplitude to 20.
00:06:19.3716612 [Info] User sets amplitude to 20.3.
00:06:19.3884654 [Info] User sets amplitude to 20.9.
00:06:19.4064610 [Info] User sets amplitude to 21.1.
00:06:19.4295706 [Info] User sets amplitude to 21.4.
00:06:19.4369161 [Info] User sets amplitude to 21.5.
00:06:19.4562855 [Info] User sets amplitude to 21.9.
00:06:19.4729266 [Info] User sets amplitude to 22.
00:06:19.4896060 [Info] User sets amplitude to 22.1.
00:06:19.5041853 [Info] User sets amplitude to 22.2.
00:06:19.5207189 [Info] User sets amplitude to 22.5.
00:06:19.5424045 [Info] User sets amplitude to 23.6.
00:06:19.5548984 [Info] User sets amplitude to 24.2.
00:06:19.5726244 [Info] User sets amplitude to 24.9.
00:06:19.5877917 [Info] User sets amplitude to 25.6.
00:06:19.6038997 [Info] User sets amplitude to 25.9.
00:06:19.6214862 [Info] User sets amplitude to 26.
00:06:19.6369361 [Info] User sets amplitude to 26.1.
00:06:19.6547122 [Info] User sets amplitude to 26.2.
00:06:19.6702852 [Info] User sets amplitude to 26.4.
00:06:19.6917845 [Info] User sets amplitude to 26.5.
00:06:19.8046679 [Info] User sets amplitude to 26.6.
00:06:20.3039040 [Info] User sets amplitude to 27.
00:06:20.3228149 [Info] User sets amplitude to 28.1.
00:06:20.3400091 [Info] User sets amplitude to 28.8.
00:06:20.3562289 [Info] User sets amplitude to 29.8.
00:06:20.3727947 [Info] User sets amplitude to 30.4.
00:06:20.3897850 [Info] User sets amplitude to 31.3.
00:06:20.4059471 [Info] User sets amplitude to 32.
00:06:20.4207644 [Info] User sets amplitude to 32.6.
00:06:20.4386972 [Info] User sets amplitude to 33.2.
00:06:20.4576104 [Info] User sets amplitude to 33.7.
00:06:20.4705356 [Info] User sets amplitude to 33.9.
00:06:20.4883679 [Info] User sets amplitude to 34.
00:06:20.5066036 [Info] User sets amplitude to 34.4.
00:06:20.5232100 [Info] User sets amplitude to 34.5.
00:06:25.0033089 [Info] User sets offset to 33.
00:06:25.0222937 [Info] User sets offset to 42.
00:06:25.0378658 [Info] User sets offset to 46.
00:06:25.0556714 [Info] User sets offset to 56.
00:06:25.0750917 [Info] User sets offset to 59.
00:06:25.0888890 [Info] User sets offset to 62.
00:06:25.1057802 [Info] User sets offset to 67.
00:06:25.1209169 [Info] User sets offset to 72.
00:06:25.1380123 [Info] User sets offset to 75.
00:06:25.1554814 [Info] User sets offset to 79.
00:06:25.1724795 [Info] User sets offset to 81.
00:06:25.1880595 [Info] User sets offset to 84.
00:06:25.2178881 [Info] User sets offset to 87.
00:06:25.2205850 [Info] User sets offset to 89.
00:06:25.2386183 [Info] User sets offset to 91.
00:06:25.2554886 [Info] User sets offset to 93.
00:06:25.2720082 [Info] User sets offset to 96.
00:06:25.2878588 [Info] User sets offset to 98.
00:06:25.3078947 [Info] User sets offset to 101.
00:06:25.3223574 [Info] User sets offset to 103.
00:06:25.3385064 [Info] User sets offset to 104.
00:06:25.3565303 [Info] User sets offset to 107.
00:06:25.3720351 [Info] User sets offset to 109.
00:06:25.3901475 [Info] User sets offset to 112.
00:06:25.4063188 [Info] User sets offset to 114.
00:06:25.4224482 [Info] User sets offset to 116.
00:06:25.4384617 [Info] User sets offset to 119.
00:06:25.4595241 [Info] User sets offset to 121.
00:06:25.4710483 [Info] User sets offset to 123.
00:06:25.4892905 [Info] User sets offset to 126.
00:06:25.5054381 [Info] User sets offset to 128.
00:06:25.5210086 [Info] User sets offset to 133.
00:06:25.5376549 [Info] User sets offset to 136.
00:06:25.5569822 [Info] User sets offset to 139.
00:06:25.5741830 [Info] User sets offset to 141.
00:06:25.5876270 [Info] User sets offset to 142.
00:06:25.6051791 [Info] User sets offset to 143.
00:06:25.6227799 [Info] User sets offset to 144.
00:06:25.6698474 [Info] User sets offset to 145.
00:06:25.7064058 [Info] User sets offset to 146.
00:06:25.7540639 [Info] User sets offset to 147.
00:06:25.7711044 [Info] User sets offset to 149.
00:06:25.7872553 [Info] User sets offset to 150.
00:06:25.8057606 [Info] User sets offset to 151.
00:06:25.8210927 [Info] User sets offset to 152.
00:06:25.8540326 [Info] User sets offset to 153.
00:06:26.9716523 [Info] User sets offset to 154.
00:06:27.0038947 [Info] User sets offset to 155.
00:06:27.0373409 [Info] User sets offset to 156.
00:06:27.0894308 [Info] User sets offset to 157.
00:06:27.3384144 [Info] User sets offset to 158.
00:06:27.4219961 [Info] User sets offset to 159.
00:06:27.7585491 [Info] User sets offset to 160.
00:06:27.7730987 [Info] User sets offset to 161.
00:06:27.8202456 [Info] User sets offset to 162.
00:06:27.9880085 [Info] User sets offset to 163.
00:06:28.8692762 [Info] User sets offset to 164.
00:06:28.9046723 [Info] User sets offset to 165.
00:06:28.9212582 [Info] User sets offset to 166.
00:06:28.9393537 [Info] User sets offset to 168.
00:06:28.9561078 [Info] User sets offset to 170.
00:06:28.9710261 [Info] User sets offset to 171.
00:06:28.9893497 [Info] User sets offset to 173.
00:06:29.0059367 [Info] User sets offset to 175.
00:06:29.0220099 [Info] User sets offset to 177.
00:06:29.0393916 [Info] User sets offset to 178.
00:06:29.0562005 [Info] User sets offset to 180.
00:06:35.3717964 [Info] User sets amplitude to 34.8.
00:06:35.3891195 [Info] User sets amplitude to 34.4.
00:06:35.4053743 [Info] User sets amplitude to 33.9.
00:06:35.4223876 [Info] User sets amplitude to 33.5.
00:06:35.4388743 [Info] User sets amplitude to 33.
00:06:35.4591689 [Info] User sets amplitude to 32.8.
00:06:35.4753515 [Info] User sets amplitude to 32.6.
00:06:35.4879917 [Info] User sets amplitude to 32.4.
00:06:35.5051999 [Info] User sets amplitude to 32.2.
00:06:35.5547065 [Info] User sets amplitude to 32.1.
00:06:35.7196014 [Info] User sets amplitude to 32.
00:06:35.8035161 [Info] User sets amplitude to 31.8.
00:06:36.0030945 [Info] User sets amplitude to 32.
00:06:36.0230416 [Info] User sets amplitude to 32.1.
00:06:36.0560574 [Info] User sets amplitude to 32.2.
00:06:36.0727442 [Info] User sets amplitude to 32.9.
00:06:36.0891490 [Info] User sets amplitude to 34.3.
00:06:36.1056931 [Info] User sets amplitude to 35.8.
00:06:36.1216353 [Info] User sets amplitude to 38.5.
00:06:36.1378301 [Info] User sets amplitude to 42.9.
00:06:36.1565198 [Info] User sets amplitude to 45.4.
00:06:36.1725074 [Info] User sets amplitude to 47.1.
00:06:36.1919121 [Info] User sets amplitude to 48.5.
00:06:36.2045407 [Info] User sets amplitude to 49.1.
00:06:36.2223479 [Info] User sets amplitude to 49.5.
00:06:36.2540481 [Info] User sets amplitude to 49.7.
00:06:36.4049630 [Info] User sets amplitude to 49.6.
00:06:36.4530872 [Info] User sets amplitude to 49.5.
00:06:36.4800610 [Info] User sets amplitude to 49.3.
00:06:36.5909766 [Info] User sets amplitude to 49.2.
00:06:38.8659840 [Info] User 0 sets frequency to 0.5.
00:06:51.4768339 [Info] User sets amplitude to 59.5.
00:06:53.5598741 [Info] User sets amplitude to 72.2.
00:07:14.9382471 [Info] User sets offset to 177.
00:07:14.9557645 [Info] User sets offset to 174.
00:07:14.9803831 [Info] User sets offset to 173.
00:07:14.9905326 [Info] User sets offset to 171.
00:07:15.0059669 [Info] User sets offset to 169.
00:07:15.0228000 [Info] User sets offset to 167.
00:07:15.0413548 [Info] User sets offset to 166.
00:07:15.0557496 [Info] User sets offset to 165.
00:07:15.0752848 [Info] User sets offset to 163.
00:07:15.0922482 [Info] User sets offset to 160.
00:07:15.1059161 [Info] User sets offset to 159.
00:07:15.1320106 [Info] User sets offset to 157.
00:07:15.1374835 [Info] User sets offset to 156.
00:07:15.1567582 [Info] User sets offset to 155.
00:07:15.1877107 [Info] User sets offset to 153.
00:07:15.2078742 [Info] User sets offset to 150.
00:07:15.2217399 [Info] User sets offset to 148.
00:07:15.2378325 [Info] User sets offset to 143.
00:07:15.2546683 [Info] User sets offset to 138.
00:07:15.2712219 [Info] User sets offset to 132.
00:07:15.2878583 [Info] User sets offset to 127.
00:07:15.3050589 [Info] User sets offset to 120.
00:07:15.3228390 [Info] User sets offset to 114.
00:07:15.3391487 [Info] User sets offset to 106.
00:07:15.3555952 [Info] User sets offset to 99.
00:07:15.3716553 [Info] User sets offset to 95.
00:07:15.3887576 [Info] User sets offset to 92.
00:07:15.4060297 [Info] User sets offset to 88.
00:07:15.4229898 [Info] User sets offset to 87.
00:07:15.4399484 [Info] User sets offset to 84.
00:07:15.4555003 [Info] User sets offset to 82.
00:07:15.4730713 [Info] User sets offset to 80.
00:07:15.4905311 [Info] User sets offset to 78.
00:07:15.5069927 [Info] User sets offset to 74.
00:07:15.5246035 [Info] User sets offset to 71.
00:07:15.5383069 [Info] User sets offset to 69.
00:07:15.5595199 [Info] User sets offset to 67.
00:07:15.5706151 [Info] User sets offset to 65.
00:07:15.5873565 [Info] User sets offset to 63.
00:07:15.6049085 [Info] User sets offset to 62.
00:07:15.6210722 [Info] User sets offset to 61.
00:07:15.6377951 [Info] User sets offset to 59.
00:07:15.6541046 [Info] User sets offset to 58.
00:07:15.6706450 [Info] User sets offset to 56.
00:07:15.6908534 [Info] User sets offset to 55.
00:07:15.7044680 [Info] User sets offset to 53.
00:07:15.7224276 [Info] User sets offset to 52.
00:07:15.7417255 [Info] User sets offset to 50.
00:07:15.7545844 [Info] User sets offset to 49.
00:07:15.7710311 [Info] User sets offset to 47.
00:07:15.7889961 [Info] User sets offset to 46.
00:07:15.8070500 [Info] User sets offset to 44.
00:07:15.8221714 [Info] User sets offset to 43.
00:07:15.8413400 [Info] User sets offset to 42.
00:07:15.8555450 [Info] User sets offset to 41.
00:07:15.8751173 [Info] User sets offset to 40.
00:07:15.9209310 [Info] User sets offset to 39.
00:07:17.4196070 [Info] User sets offset to 40.
00:07:23.4895294 [Info] User sets amplitude to 69.8.
00:07:23.5059255 [Info] User sets amplitude to 67.8.
00:07:23.5235362 [Info] User sets amplitude to 67.4.
00:07:23.5402435 [Info] User sets amplitude to 67.2.
00:07:23.5651990 [Info] User sets amplitude to 67.
00:07:23.5879547 [Info] User sets amplitude to 66.7.
00:07:23.6052723 [Info] User sets amplitude to 66.5.
00:07:23.6209196 [Info] User sets amplitude to 66.2.
00:07:23.6377678 [Info] User sets amplitude to 66.1.
00:07:23.6549255 [Info] User sets amplitude to 65.9.
00:07:23.6709495 [Info] User sets amplitude to 65.7.
00:07:23.7043133 [Info] User sets amplitude to 65.6.
00:07:23.7213659 [Info] User sets amplitude to 65.5.
00:07:26.0408604 [Info] User sets offset to 39.
00:07:26.1073044 [Info] User sets offset to 38.
00:07:26.1543431 [Info] User sets offset to 37.
00:07:26.1807959 [Info] User sets offset to 36.
00:07:26.1896682 [Info] User sets offset to 34.
00:07:26.2053996 [Info] User sets offset to 33.
00:07:26.2207535 [Info] User sets offset to 32.
00:07:26.2711006 [Info] User sets offset to 31.
00:07:26.3226288 [Info] User sets offset to 30.
00:07:26.4887366 [Info] User sets offset to 29.
00:07:26.5063494 [Info] User sets offset to 28.
00:07:26.5233348 [Info] User sets offset to 27.
00:07:26.5404051 [Info] User sets offset to 26.
00:07:26.7398908 [Info] User sets offset to 25.
00:07:26.7892320 [Info] User sets offset to 24.
00:07:26.8369715 [Info] User sets offset to 23.
00:07:26.8742402 [Info] User sets offset to 22.
00:07:29.3421211 [Info] User sets offset to 40.
00:07:30.1443111 [Info] User sets offset to 52.
00:07:33.8924608 [Info] User sets amplitude to 74.9.
00:07:36.5423824 [Info] User sets offset to 67.
00:07:41.4412905 [Info] User sets offset to 82.
00:07:44.4110007 [Info] User sets offset to 62.
00:07:45.8881494 [Info] User sets offset to 48.
00:07:52.3717234 [Info] User 0 sets frequency to 0.7.
00:07:57.4115692 [Info] User 0 sets frequency to 0.5.
00:08:01.8369815 [Info] User sets amplitude to 74.7.
00:08:01.8578115 [Info] User sets amplitude to 74.
00:08:01.8712697 [Info] User sets amplitude to 73.4.
00:08:01.8877661 [Info] User sets amplitude to 72.9.
00:08:01.9068771 [Info] User sets amplitude to 72.2.
00:08:01.9248325 [Info] User sets amplitude to 71.9.
00:08:01.9394907 [Info] User sets amplitude to 71.5.
00:08:01.9555864 [Info] User sets amplitude to 70.7.
00:08:01.9724793 [Info] User sets amplitude to 69.8.
00:08:01.9878380 [Info] User sets amplitude to 69.3.
00:08:02.0056074 [Info] User sets amplitude to 69.
00:08:02.0223259 [Info] User sets amplitude to 68.8.
00:08:02.0542763 [Info] User sets amplitude to 68.5.
00:08:02.0711412 [Info] User sets amplitude to 68.4.
00:08:02.0886839 [Info] User sets amplitude to 68.3.
00:08:02.1546007 [Info] User sets amplitude to 68.2.
00:08:02.1758640 [Info] User sets amplitude to 68.1.
00:08:02.1938875 [Info] User sets amplitude to 67.8.
00:08:02.2063644 [Info] User sets amplitude to 67.4.
00:08:02.2242871 [Info] User sets amplitude to 66.4.
00:08:02.2386870 [Info] User sets amplitude to 65.9.
00:08:02.2573996 [Info] User sets amplitude to 64.9.
00:08:02.2727448 [Info] User sets amplitude to 64.5.
00:08:02.2907161 [Info] User sets amplitude to 64.4.
00:08:02.3118384 [Info] User sets amplitude to 64.2.
00:08:02.3225769 [Info] User sets amplitude to 63.7.
00:08:02.3381269 [Info] User sets amplitude to 63.3.
00:08:02.3566211 [Info] User sets amplitude to 63.
00:08:02.3738196 [Info] User sets amplitude to 62.1.
00:08:02.3879588 [Info] User sets amplitude to 61.4.
00:08:02.4061508 [Info] User sets amplitude to 60.9.
00:08:02.4282477 [Info] User sets amplitude to 60.4.
00:08:02.4434598 [Info] User sets amplitude to 60.2.
00:08:02.4570671 [Info] User sets amplitude to 60.
00:08:02.4721618 [Info] User sets amplitude to 59.8.
00:08:02.4891319 [Info] User sets amplitude to 59.5.
00:08:02.5069902 [Info] User sets amplitude to 59.3.
00:08:02.5231287 [Info] User sets amplitude to 58.9.
00:08:02.5585303 [Info] User sets amplitude to 58.7.
00:08:02.5879042 [Info] User sets amplitude to 58.6.
00:08:02.6064254 [Info] User sets amplitude to 58.5.
00:08:23.3086954 [Info] User sets amplitude to 68.8.
00:08:53.8223481 [Info] User 1 sets frequency to 0.6.
00:08:53.9732950 [Info] User 1 sets frequency to 0.5.
00:08:54.0064710 [Info] User 1 sets frequency to 0.3.
00:08:54.0255765 [Info] User 1 sets frequency to 0.1.
00:08:54.0411984 [Info] User 1 sets frequency to 0.
00:10:04.6369142 [Info] A is no longer in control.
